Component: ARM Compiler 5.06 update 7 (build 960) Tool: armlink [4d3601]

==============================================================================

Section Cross References

    main.o(i.Error_Handler) refers to _printf_percent.o(.ARM.Collect$$_printf_percent$$00000000) for _printf_percent
    main.o(i.Error_Handler) refers to _printf_d.o(.ARM.Collect$$_printf_percent$$00000009) for _printf_d
    main.o(i.Error_Handler) refers to _printf_s.o(.ARM.Collect$$_printf_percent$$00000014) for _printf_s
    main.o(i.Error_Handler) refers to _printf_dec.o(.text) for _printf_int_dec
    main.o(i.Error_Handler) refers to _printf_str.o(.text) for _printf_str
    main.o(i.Error_Handler) refers to noretval__2printf.o(.text) for __2printf
    main.o(i.Error_Handler) refers to main.o(.constdata) for __FUNCTION__
    main.o(i.HAL_TIM_PeriodElapsedCallback) refers to myqueue.o(i.queueEnqueue) for queueEnqueue
    main.o(i.HAL_TIM_PeriodElapsedCallback) refers to rt_memclr.o(.text) for __aeabi_memclr
    main.o(i.HAL_TIM_PeriodElapsedCallback) refers to main.o(i.UartTimeroutStop) for UartTimeroutStop
    main.o(i.HAL_TIM_PeriodElapsedCallback) refers to main.o(.data) for DataLen
    main.o(i.HAL_TIM_PeriodElapsedCallback) refers to main.o(.bss) for rxbuff
    main.o(i.HAL_TIM_PeriodElapsedCallback) refers to myqueue.o(.data) for pUart1RxQueue
    main.o(i.HAL_UART_RxCpltCallback) refers to main.o(i.UartTimeroutStop) for UartTimeroutStop
    main.o(i.HAL_UART_RxCpltCallback) refers to myqueue.o(i.queueEnqueue) for queueEnqueue
    main.o(i.HAL_UART_RxCpltCallback) refers to rt_memclr.o(.text) for __aeabi_memclr
    main.o(i.HAL_UART_RxCpltCallback) refers to main.o(i.UartTimeroutStart) for UartTimeroutStart
    main.o(i.HAL_UART_RxCpltCallback) refers to stm32f1xx_hal_uart.o(i.HAL_UART_Receive_IT) for HAL_UART_Receive_IT
    main.o(i.HAL_UART_RxCpltCallback) refers to main.o(.data) for pdata
    main.o(i.HAL_UART_RxCpltCallback) refers to main.o(.bss) for rxbuff
    main.o(i.HAL_UART_RxCpltCallback) refers to myqueue.o(.data) for pUart1RxQueue
    main.o(i.HAL_UART_RxCpltCallback) refers to driver_usart.o(.bss) for husart
    main.o(i.UartTimeroutStart) refers to stm32f1xx_hal_tim.o(i.HAL_TIM_Base_Start_IT) for HAL_TIM_Base_Start_IT
    main.o(i.UartTimeroutStart) refers to driver_timer.o(.bss) for htim3
    main.o(i.UartTimeroutStop) refers to stm32f1xx_hal_tim.o(i.HAL_TIM_Base_Stop_IT) for HAL_TIM_Base_Stop_IT
    main.o(i.UartTimeroutStop) refers to driver_timer.o(.bss) for htim3
    main.o(i.main) refers to _printf_percent.o(.ARM.Collect$$_printf_percent$$00000000) for _printf_percent
    main.o(i.main) refers to _printf_d.o(.ARM.Collect$$_printf_percent$$00000009) for _printf_d
    main.o(i.main) refers to _printf_dec.o(.text) for _printf_int_dec
    main.o(i.main) refers to stm32f1xx_hal.o(i.HAL_Init) for HAL_Init
    main.o(i.main) refers to stm32f1xx_clk.o(i.SystemClock_Config) for SystemClock_Config
    main.o(i.main) refers to driver_usart.o(i.UsartInit) for UsartInit
    main.o(i.main) refers to driver_timer.o(i.TimerInit) for TimerInit
    main.o(i.main) refers to driver_timer.o(i.TIM3_Init) for TIM3_Init
    main.o(i.main) refers to driver_spi.o(i.SPI_Init) for SPI_Init
    main.o(i.main) refers to userconfig.o(i.gpio_init) for gpio_init
    main.o(i.main) refers to userconfig.o(i.LoraInit) for LoraInit
    main.o(i.main) refers to driver_key.o(i.DIO1_Init) for DIO1_Init
    main.o(i.main) refers to noretval__2printf.o(.text) for __2printf
    main.o(i.main) refers to driver_timer.o(i.ms_timer_delay) for ms_timer_delay
    main.o(i.main) refers to userconfig.o(i.Data_Processing) for Data_Processing
    main.o(i.main) refers to userconfig.o(i.DX_Lora_RadioIrqProcess) for DX_Lora_RadioIrqProcess
    main.o(i.main) refers to myqueue.o(.bss) for UartRxQueue
    main.o(i.main) refers to myqueue.o(.data) for pUart1RxQueue
    main.o(i.main) refers to userconfig.o(.data) for IrqFired
    stm32f1xx_it.o(i.SysTick_Handler) refers to stm32f1xx_hal.o(i.HAL_IncTick) for HAL_IncTick
    stm32f1xx_it.o(i.TIM3_IRQHandler) refers to stm32f1xx_hal_tim.o(i.HAL_TIM_IRQHandler) for HAL_TIM_IRQHandler
    stm32f1xx_it.o(i.TIM3_IRQHandler) refers to driver_timer.o(.bss) for htim3
    stm32f1xx_it.o(i.USART1_IRQHandler) refers to stm32f1xx_hal_uart.o(i.HAL_UART_IRQHandler) for HAL_UART_IRQHandler
    stm32f1xx_it.o(i.USART1_IRQHandler) refers to driver_usart.o(.bss) for husart
    stm32f1xx_clk.o(i.SystemClock_Config) refers to rt_memclr_w.o(.text) for __aeabi_memclr4
    stm32f1xx_clk.o(i.SystemClock_Config) refers to stm32f1xx_hal_rcc.o(i.HAL_RCC_OscConfig) for HAL_RCC_OscConfig
    stm32f1xx_clk.o(i.SystemClock_Config) refers to stm32f1xx_hal_rcc.o(i.HAL_RCC_ClockConfig) for HAL_RCC_ClockConfig
    system_stm32f1xx.o(i.SystemCoreClockUpdate) refers to system_stm32f1xx.o(.data) for SystemCoreClock
    system_stm32f1xx.o(i.SystemCoreClockUpdate) refers to system_stm32f1xx.o(.constdata) for AHBPrescTable
[...]
    i.DX_Lora_RadioIrqProcess                0x08000710   Section        0  userconfig.o(i.DX_Lora_RadioIrqProcess)
    i.Data_Processing                        0x08000820   Section        0  userconfig.o(i.Data_Processing)
    i.DebugMon_Handler                       0x0800086c   Section        0  stm32f1xx_it.o(i.DebugMon_Handler)
    i.EXTI15_10_IRQHandler                   0x0800086e   Section        0  driver_key.o(i.EXTI15_10_IRQHandler)
    i.Error_Handler                          0x0800087c   Section        0  main.o(i.Error_Handler)
    i.HAL_DMA_Abort_IT                       0x08000898   Section        0  stm32f1xx_hal_dma.o(i.HAL_DMA_Abort_IT)
    i.HAL_GPIO_EXTI_Callback                 0x08000a40   Section        0  driver_key.o(i.HAL_GPIO_EXTI_Callback)
    i.HAL_GPIO_EXTI_IRQHandler               0x08000a6c   Section        0  stm32f1xx_hal_gpio.o(i.HAL_GPIO_EXTI_IRQHandler)
    i.HAL_GPIO_Init                          0x08000a88   Section        0  stm32f1xx_hal_gpio.o(i.HAL_GPIO_Init)
    i.HAL_GPIO_ReadPin                       0x08000dc8   Section        0  stm32f1xx_hal_gpio.o(i.HAL_GPIO_ReadPin)
    i.HAL_GPIO_WritePin                      0x08000dd8   Section        0  stm32f1xx_hal_gpio.o(i.HAL_GPIO_WritePin)
    i.HAL_GetTick                            0x08000de4   Section        0  stm32f1xx_hal.o(i.HAL_GetTick)
    i.HAL_IncTick                            0x08000df0   Section        0  stm32f1xx_hal.o(i.HAL_IncTick)
    i.HAL_Init                               0x08000e08   Section        0  stm32f1xx_hal.o(i.HAL_Init)
    i.HAL_InitTick                           0x08000e30   Section        0  stm32f1xx_hal.o(i.HAL_InitTick)
    i.HAL_MspInit                            0x08000e7c   Section        0  stm32f1xx_hal.o(i.HAL_MspInit)
    i.HAL_NVIC_EnableIRQ                     0x08000e7e   Section        0  stm32f1xx_hal_cortex.o(i.HAL_NVIC_EnableIRQ)
    i.HAL_NVIC_SetPriority                   0x08000e9e   Section        0  stm32f1xx_hal_cortex.o(i.HAL_NVIC_SetPriority)
    i.HAL_NVIC_SetPriorityGrouping           0x08000f1c   Section        0  stm32f1xx_hal_cortex.o(i.HAL_NVIC_SetPriorityGrouping)
    i.HAL_RCC_ClockConfig                    0x08000f44   Section        0  stm32f1xx_hal_rcc.o(i.HAL_RCC_ClockConfig)
    i.HAL_RCC_GetHCLKFreq                    0x080010d0   Section        0  stm32f1xx_hal_rcc.o(i.HAL_RCC_GetHCLKFreq)
    i.HAL_RCC_GetPCLK1Freq                   0x080010dc   Section        0  stm32f1xx_hal_rcc.o(i.HAL_RCC_GetPCLK1Freq)
    i.HAL_RCC_GetPCLK2Freq                   0x080010fc   Section        0  stm32f1xx_hal_rcc.o(i.HAL_RCC_GetPCLK2Freq)
    i.HAL_RCC_GetSysClockFreq                0x0800111c   Section        0  stm32f1xx_hal_rcc.o(i.HAL_RCC_GetSysClockFreq)
    i.HAL_RCC_OscConfig                      0x080011b0   Section        0  stm32f1xx_hal_rcc.o(i.HAL_RCC_OscConfig)
    i.HAL_SPI_Init                           0x08001614   Section        0  stm32f1xx_hal_spi.o(i.HAL_SPI_Init)
    i.HAL_SPI_MspInit                        0x080016b0   Section        0  driver_spi.o(i.HAL_SPI_MspInit)
    i.HAL_SPI_Receive                        0x080017b4   Section        0  stm32f1xx_hal_spi.o(i.HAL_SPI_Receive)
    i.HAL_SPI_Transmit                       0x080019fe   Section        0  stm32f1xx_hal_spi.o(i.HAL_SPI_Transmit)
    i.HAL_SPI_TransmitReceive                0x08001bd8   Section        0  stm32f1xx_hal_spi.o(i.HAL_SPI_TransmitReceive)
    i.HAL_SYSTICK_Config                     0x08001ec6   Section        0  stm32f1xx_hal_cortex.o(i.HAL_SYSTICK_Config)
    i.HAL_TIMEx_BreakCallback                0x08001efa   Section        0  stm32f1xx_hal_tim_ex.o(i.HAL_TIMEx_BreakCallback)
    i.HAL_TIMEx_CommutCallback               0x08001efc   Section        0  stm32f1xx_hal_tim_ex.o(i.HAL_TIMEx_CommutCallback)
    i.HAL_TIMEx_MasterConfigSynchronization  0x08001efe   Section        0  stm32f1xx_hal_tim_ex.o(i.HAL_TIMEx_MasterConfigSynchronization)
    i.HAL_TIM_Base_Init                      0x08001f52   Section        0  stm32f1xx_hal_tim.o(i.HAL_TIM_Base_Init)
    i.HAL_TIM_Base_MspInit                   0x08001f88   Section        0  driver_timer.o(i.HAL_TIM_Base_MspInit)
    i.HAL_TIM_Base_Start                     0x08001ff0   Section        0  stm32f1xx_hal_tim.o(i.HAL_TIM_Base_Start)
    i.HAL_TIM_Base_Start_IT                  0x0800201a   Section        0  stm32f1xx_hal_tim.o(i.HAL_TIM_Base_Start_IT)
    i.HAL_TIM_Base_Stop                      0x08002044   Section        0  stm32f1xx_hal_tim.o(i.HAL_TIM_Base_Stop)
    i.HAL_TIM_Base_Stop_IT                   0x0800207c   Section        0  stm32f1xx_hal_tim.o(i.HAL_TIM_Base_Stop_IT)
    i.HAL_TIM_ConfigClockSource              0x080020b4   Section        0  stm32f1xx_hal_tim.o(i.HAL_TIM_ConfigClockSource)
    i.HAL_TIM_IC_CaptureCallback             0x080021bc   Section        0  stm32f1xx_hal_tim.o(i.HAL_TIM_IC_CaptureCallback)
    i.HAL_TIM_IRQHandler                     0x080021be   Section        0  stm32f1xx_hal_tim.o(i.HAL_TIM_IRQHandler)
    i.HAL_TIM_OC_DelayElapsedCallback        0x08002354   Section        0  stm32f1xx_hal_tim.o(i.HAL_TIM_OC_DelayElapsedCallback)
    i.HAL_TIM_PWM_PulseFinishedCallback      0x08002356   Section        0  stm32f1xx_hal_tim.o(i.HAL_TIM_PWM_PulseFinishedCallback)
    i.HAL_TIM_PeriodElapsedCallback          0x08002358   Section        0  main.o(i.HAL_TIM_PeriodElapsedCallback)
    i.HAL_TIM_TriggerCallback                0x0800239c   Section        0  stm32f1xx_hal_tim.o(i.HAL_TIM_TriggerCallback)
    i.HAL_UART_ErrorCallback                 0x0800239e   Section        0  stm32f1xx_hal_uart.o(i.HAL_UART_ErrorCallback)
    i.HAL_UART_IRQHandler                    0x080023a0   Section        0  stm32f1xx_hal_uart.o(i.HAL_UART_IRQHandler)
    i.HAL_UART_Init                          0x080024ec   Section        0  stm32f1xx_hal_uart.o(i.HAL_UART_Init)
    i.HAL_UART_MspInit                       0x08002560   Section        0  driver_usart.o(i.HAL_UART_MspInit)
    i.HAL_UART_Receive_IT                    0x080025f8   Section        0  stm32f1xx_hal_uart.o(i.HAL_UART_Receive_IT)
    i.HAL_UART_RxCpltCallback                0x08002668   Section        0  main.o(i.HAL_UART_RxCpltCallback)
    i.HAL_UART_Transmit                      0x080026d0   Section        0  stm32f1xx_hal_uart.o(i.HAL_UART_Transmit)
    i.HAL_UART_TxCpltCallback                0x080027a6   Section        0  stm32f1xx_hal_uart.o(i.HAL_UART_TxCpltCallback)
    i.HardFault_Handler                      0x080027a8   Section        0  stm32f1xx_it.o(i.HardFault_Handler)
    i.LoraDataSend                           0x080027ac   Section        0  userconfig.o(i.LoraDataSend)
    i.LoraInit                               0x080027ec   Section        0  userconfig.o(i.LoraInit)
    i.LoraOpenRXMode                         0x080028e0   Section        0  userconfig.o(i.LoraOpenRXMode)
    i.MemManage_Handler                      0x08002904   Section        0  stm32f1xx_it.o(i.MemManage_Handler)
    i.NMI_Handler                            0x08002908   Section        0  stm32f1xx_it.o(i.NMI_Handler)
    i.OnRxDone                               0x0800290c   Section        0  userconfig.o(i.OnRxDone)
    i.OnTxDone                               0x08002950   Section        0  userconfig.o(i.OnTxDone)
    i.PendSV_Handler                         0x0800296c   Section        0  stm32f1xx_it.o(i.PendSV_Handler)
    i.RCC_Delay                              0x08002970   Section        0  stm32f1xx_hal_rcc.o(i.RCC_Delay)
    RCC_Delay                                0x08002971   Thumb Code    36  stm32f1xx_hal_rcc.o(i.RCC_Delay)
    i.RxEn                                   0x08002998   Section        0  userconfig.o(i.RxEn)
    i.RxError                                0x080029b4   Section        0  userconfig.o(i.RxError)
    i.RxTimeout                              0x080029c8   Section        0  userconfig.o(i.RxTimeout)
    i.SPI_EndRxTransaction                   0x080029e4   Section        0  stm32f1xx_hal_spi.o(i.SPI_EndRxTransaction)
    SPI_EndRxTransaction                     0x080029e5   Thumb Code   120  stm32f1xx_hal_spi.o(i.SPI_EndRxTransaction)
    i.SPI_EndRxTxTransaction                 0x08002a5c   Section        0  stm32f1xx_hal_spi.o(i.SPI_EndRxTxTransaction)
    SPI_EndRxTxTransaction                   0x08002a5d   Thumb Code    40  stm32f1xx_hal_spi.o(i.SPI_EndRxTxTransaction)
    i.SPI_ISCRCErrorValid                    0x08002a84   Section        0  stm32f1xx_hal_spi.o(i.SPI_ISCRCErrorValid)
    i.SPI_Init                               0x08002a8c   Section        0  driver_spi.o(i.SPI_Init)
    i.SPI_ReadBytes                          0x08002ae0   Section        0  driver_spi.o(i.SPI_ReadBytes)
    i.SPI_WaitFlagStateUntilTimeout          0x08002af8   Section        0  stm32f1xx_hal_spi.o(i.SPI_WaitFlagStateUntilTimeout)
    SPI_WaitFlagStateUntilTimeout            0x08002af9   Thumb Code   168  stm32f1xx_hal_spi.o(i.SPI_WaitFlagStateUntilTimeout)
    i.SPI_WriteBytes                         0x08002ba0   Section        0  driver_spi.o(i.SPI_WriteBytes)
    i.SVC_Handler                            0x08002bb8   Section        0  stm32f1xx_it.o(i.SVC_Handler)
    i.SysTick_Handler                        0x08002bba   Section        0  stm32f1xx_it.o(i.SysTick_Handler)
    i.SystemClock_Config                     0x08002bc2   Section        0  stm32f1xx_clk.o(i.SystemClock_Config)
    i.SystemInit                             0x08002c28   Section        0  system_stm32f1xx.o(i.SystemInit)
    i.TIM3_IRQHandler                        0x08002c80   Section        0  stm32f1xx_it.o(i.TIM3_IRQHandler)
    i.TIM3_Init                              0x08002c90   Section        0  driver_timer.o(i.TIM3_Init)
    i.TIM_Base_SetConfig                     0x08002cfc   Section        0  stm32f1xx_hal_tim.o(i.TIM_Base_SetConfig)
    i.TIM_ETR_SetConfig                      0x08002d98   Section        0  stm32f1xx_hal_tim.o(i.TIM_ETR_SetConfig)
    i.TIM_ITRx_SetConfig                     0x08002dae   Section        0  stm32f1xx_hal_tim.o(i.TIM_ITRx_SetConfig)
    TIM_ITRx_SetConfig                       0x08002daf   Thumb Code    18  stm32f1xx_hal_tim.o(i.TIM_ITRx_SetConfig)
    i.TIM_TI1_ConfigInputStage               0x08002dc0   Section        0  stm32f1xx_hal_tim.o(i.TIM_TI1_ConfigInputStage)
    TIM_TI1_ConfigInputStage                 0x08002dc1   Thumb Code    38  stm32f1xx_hal_tim.o(i.TIM_TI1_ConfigInputStage)
    i.TIM_TI2_ConfigInputStage               0x08002de6   Section        0  stm32f1xx_hal_tim.o(i.TIM_TI2_ConfigInputStage)
    TIM_TI2_ConfigInputStage                 0x08002de7   Thumb Code    40  stm32f1xx_hal_tim.o(i.TIM_TI2_ConfigInputStage)
    i.TimerInit                              0x08002e10   Section        0  driver_timer.o(i.TimerInit)
    i.TxEn                                   0x08002e74   Section        0  userconfig.o(i.TxEn)
    i.TxTimeout                              0x08002e90   Section        0  userconfig.o(i.TxTimeout)
    i.UART_DMAAbortOnError                   0x08002eac   Section        0  stm32f1xx_hal_uart.o(i.UART_DMAAbortOnError)
    UART_DMAAbortOnError                     0x08002ead   Thumb Code    20  stm32f1xx_hal_uart.o(i.UART_DMAAbortOnError)
    i.UART_EndRxTransfer                     0x08002ec0   Section        0  stm32f1xx_hal_uart.o(i.UART_EndRxTransfer)
    UART_EndRxTransfer                       0x08002ec1   Thumb Code    32  stm32f1xx_hal_uart.o(i.UART_EndRxTransfer)
    i.UART_EndTransmit_IT                    0x08002ee0   Section        0  stm32f1xx_hal_uart.o(i.UART_EndTransmit_IT)
    UART_EndTransmit_IT                      0x08002ee1   Thumb Code    32  stm32f1xx_hal_uart.o(i.UART_EndTransmit_IT)
    i.UART_Receive_IT                        0x08002f00   Section        0  stm32f1xx_hal_uart.o(i.UART_Receive_IT)
    UART_Receive_IT                          0x08002f01   Thumb Code   166  stm32f1xx_hal_uart.o(i.UART_Receive_IT)
    i.UART_SetConfig                         0x08002fa8   Section        0  stm32f1xx_hal_uart.o(i.UART_SetConfig)
    UART_SetConfig                           0x08002fa9   Thumb Code   412  stm32f1xx_hal_uart.o(i.UART_SetConfig)
    i.UART_Transmit_IT                       0x08003148   Section        0  stm32f1xx_hal_uart.o(i.UART_Transmit_IT)
    UART_Transmit_IT                         0x08003149   Thumb Code   104  stm32f1xx_hal_uart.o(i.UART_Transmit_IT)
    i.UART_WaitOnFlagUntilTimeout            0x080031b0   Section        0  stm32f1xx_hal_uart.o(i.UART_WaitOnFlagUntilTimeout)
    UART_WaitOnFlagUntilTimeout              0x080031b1   Thumb Code   108  stm32f1xx_hal_uart.o(i.UART_WaitOnFlagUntilTimeout)
    i.USART1_IRQHandler                      0x0800321c   Section        0  stm32f1xx_it.o(i.USART1_IRQHandler)
    i.UartTimeroutStart                      0x0800322c   Section        0  main.o(i.UartTimeroutStart)
    i.UartTimeroutStop                       0x08003244   Section        0  main.o(i.UartTimeroutStop)
    i.UsageFault_Handler                     0x08003254   Section        0  stm32f1xx_it.o(i.UsageFault_Handler)
    i.UsartInit                              0x08003258   Section        0  driver_usart.o(i.UsartInit)
    i.__NVIC_GetPriorityGrouping             0x08003298   Section        0  stm32f1xx_hal_cortex.o(i.__NVIC_GetPriorityGrouping)
    __NVIC_GetPriorityGrouping               0x08003299   Thumb Code    10  stm32f1xx_hal_cortex.o(i.__NVIC_GetPriorityGrouping)
    i.__NVIC_SetPriority                     0x080032a8   Section        0  stm32f1xx_hal_cortex.o(i.__NVIC_SetPriority)
    __NVIC_SetPriority                       0x080032a9   Thumb Code    32  stm32f1xx_hal_cortex.o(i.__NVIC_SetPriority)
    i._sys_exit                              0x080032d0   Section        0  driver_usart.o(i._sys_exit)
    i.fputc                                  0x080032d4   Section        0  driver_usart.o(i.fputc)
    i.gpio_init                              0x080032ec   Section        0  userconfig.o(i.gpio_init)
    i.isFullQueue                            0x0800337c   Section        0  myqueue.o(i.isFullQueue)
    i.isQueueTail                            0x080033be   Section        0  myqueue.o(i.isQueueTail)
    i.main                                   0x080033d4   Section        0  main.o(i.main)
    i.ms_timer_delay                         0x080034e0   Section        0  driver_timer.o(i.ms_timer_delay)
    i.queueDequeue                           0x080034fc   Section        0  myqueue.o(i.queueDequeue)
    i.queueEnqueue                           0x08003648   Section        0  myqueue.o(i.queueEnqueue)
    i.queueIsEmpty                           0x08003714   Section        0  myqueue.o(i.queueIsEmpty)
    i.set_LoraPacketParams                   0x08003726   Section        0  userconfig.o(i.set_LoraPacketParams)
    i.sx1262GetOperatingMode                 0x0800374c   Section        0  userconfig.o(i.sx1262GetOperatingMode)
    i.sx1262SetOperatingMode                 0x08003758   Section        0  userconfig.o(i.sx1262SetOperatingMode)
    i.sx126x_clear_irq_status                0x08003764   Section        0  sx126x.o(i.sx126x_clear_irq_status)
    i.sx126x_convert_freq_in_hz_to_pll_step  0x08003794   Section        0  sx126x.o(i.sx126x_convert_freq_in_hz_to_pll_step)
    i.sx126x_convert_timeout_in_ms_to_rtc_step 0x080037b8   Section        0  sx126x.o(i.sx126x_convert_timeout_in_ms_to_rtc_step)
    i.sx126x_get_busy                        0x080037c0   Section        0  sx126x_hal.o(i.sx126x_get_busy)
    i.sx126x_get_irq_status                  0x080037d0   Section        0  sx126x.o(i.sx126x_get_irq_status)
    i.sx126x_get_lora_pkt_status             0x0800380c   Section        0  sx126x.o(i.sx126x_get_lora_pkt_status)
    i.sx126x_get_rx_buffer_status            0x0800385c   Section        0  sx126x.o(i.sx126x_get_rx_buffer_status)
    i.sx126x_hal_read                        0x08003894   Section        0  sx126x_hal.o(i.sx126x_hal_read)
    i.sx126x_hal_reset                       0x080038ec   Section        0  sx126x_hal.o(i.sx126x_hal_reset)
    i.sx126x_hal_wakeup                      0x08003930   Section        0  sx126x_hal.o(i.sx126x_hal_wakeup)
    i.sx126x_hal_write                       0x0800396c   Section        0  sx126x_hal.o(i.sx126x_hal_write)
    i.sx126x_read_buffer                     0x080039c4   Section        0  sx126x.o(i.sx126x_read_buffer)
    i.sx126x_read_register                   0x080039f0   Section        0  sx126x.o(i.sx126x_read_register)
    i.sx126x_reset                           0x08003a24   Section        0  sx126x.o(i.sx126x_reset)
    i.sx126x_set_buffer_base_address         0x08003a30   Section        0  sx126x.o(i.sx126x_set_buffer_base_address)
    i.sx126x_set_dio_irq_params              0x08003a5c   Section        0  sx126x.o(i.sx126x_set_dio_irq_params)
    i.sx126x_set_lora_mod_params             0x08003ac8   Section        0  sx126x.o(i.sx126x_set_lora_mod_params)
    i.sx126x_set_lora_pkt_params             0x08003b20   Section        0  sx126x.o(i.sx126x_set_lora_pkt_params)
    i.sx126x_set_pa_cfg                      0x08003bc8   Section        0  sx126x.o(i.sx126x_set_pa_cfg)
    i.sx126x_set_pkt_type                    0x08003c08   Section        0  sx126x.o(i.sx126x_set_pkt_type)
    i.sx126x_set_reg_mode                    0x08003c30   Section        0  sx126x.o(i.sx126x_set_reg_mode)
    i.sx126x_set_rf_freq                     0x08003c58   Section        0  sx126x.o(i.sx126x_set_rf_freq)
    i.sx126x_set_rf_freq_in_pll_steps        0x08003c70   Section        0  sx126x.o(i.sx126x_set_rf_freq_in_pll_steps)
    i.sx126x_set_rx                          0x08003cb0   Section        0  sx126x.o(i.sx126x_set_rx)
    i.sx126x_set_rx_with_timeout_in_rtc_step 0x08003cd4   Section        0  sx126x.o(i.sx126x_set_rx_with_timeout_in_rtc_step)
    i.sx126x_set_standby                     0x08003d08   Section        0  sx126x.o(i.sx126x_set_standby)
    i.sx126x_set_trimming_capacitor_values   0x08003d30   Section        0  sx126x.o(i.sx126x_set_trimming_capacitor_values)
    i.sx126x_set_tx                          0x08003d50   Section        0  sx126x.o(i.sx126x_set_tx)
    i.sx126x_set_tx_params                   0x08003d74   Section        0  sx126x.o(i.sx126x_set_tx_params)
    i.sx126x_set_tx_with_timeout_in_rtc_step 0x08003da4   Section        0  sx126x.o(i.sx126x_set_tx_with_timeout_in_rtc_step)
    i.sx126x_tx_modulation_workaround        0x08003dd8   Section        0  sx126x.o(i.sx126x_tx_modulation_workaround)
    sx126x_tx_modulation_workaround          0x08003dd9   Thumb Code    92  sx126x.o(i.sx126x_tx_modulation_workaround)
    i.sx126x_wakeup                          0x08003e34   Section        0  sx126x.o(i.sx126x_wakeup)
    i.sx126x_write_buffer                    0x08003e40   Section        0  sx126x.o(i.sx126x_write_buffer)
    i.sx126x_write_register                  0x08003e6c   Section        0  sx126x.o(i.sx126x_write_register)
    i.us_timer_delay                         0x08003ea0   Section        0  driver_timer.o(i.us_timer_delay)
    .constdata                               0x08003ed8   Section       14  main.o(.constdata)
    __FUNCTION__                             0x08003ed8   Data          14  main.o(.constdata)
    .constdata                               0x08003ee6   Section       24  system_stm32f1xx.o(.constdata)
    .data                                    0x20000000   Section        2  main.o(.data)
    .data                                    0x20000004   Section        4  system_stm32f1xx.o(.data)
    .data                                    0x20000008   Section        8  driver_usart.o(.data)
    .data                                    0x20000010   Section        9  stm32f1xx_hal.o(.data)
    .data                                    0x2000001a   Section       12  userconfig.o(.data)
    g_lora_test_rxs                          0x2000001a   Data           1  userconfig.o(.data)
    g_lora_tx_done                           0x2000001b   Data           1  userconfig.o(.data)
    OperatingMode                            0x20000024   Data           1  userconfig.o(.data)
    num                                      0x20000025   Data           1  userconfig.o(.data)
    .data                                    0x20000028   Section       10  myqueue.o(.data)
    len                                      0x2000002c   Data           1  myqueue.o(.data)
    len                                      0x2000002e   Data           2  myqueue.o(.data)
    count                                    0x20000030   Data           2  myqueue.o(.data)
    .bss                                     0x20000034   Section      255  main.o(.bss)
    rxbuff                                   0x20000034   Data         255  main.o(.bss)
    .bss                                     0x20000134   Section       64  driver_usart.o(.bss)
    .bss                                     0x20000174   Section       88  driver_spi.o(.bss)
    .bss                                     0x200001cc   Section      128  driver_timer.o(.bss)
    .bss                                     0x2000024c   Section      255  userconfig.o(.bss)
    .bss                                     0x2000034c   Section     2006  myqueue.o(.bss)
    .bss                                     0x20000b24   Section       96  libspace.o(.bss)
    HEAP                                     0x20000b88   Section      512  startup_stm32f103xe.o(HEAP)
    Heap_Mem                                 0x20000b88   Data         512  startup_stm32f103xe.o(HEAP)
    STACK                                    0x20000d88   Section     1024  startup_stm32f103xe.o(STACK)
    Stack_Mem                                0x20000d88   Data        1024  startup_stm32f103xe.o(STACK)
    __initial_sp                             0x20001188   Data           0  startup_stm32f103xe.o(STACK)

    Global Symbols

    Symbol Name                              Value     Ov Type        Size  Object(Section)

    BuildAttributes$$THM_ISAv4$P$D$K$B$S$PE$A:L22UL41UL21$X:L11$S22US41US21$IEEE1$IW$USESV6$~STKCKD$USESV7$~SHL$OSPACE$ROPI$EBA8$UX$STANDARDLIB$REQ8$PRES8$EABIv2 0x00000000   Number         0  anon$$obj.o ABSOLUTE
    __ARM_use_no_argv                        0x00000000   Number         0  main.o ABSOLUTE
    __ARM_exceptions_init                     - Undefined Weak Reference
    __alloca_initialize                       - Undefined Weak Reference
    __arm_fini_                               - Undefined Weak Reference
    __arm_preinit_                            - Undefined Weak Reference
    __cpp_initialize__aeabi_                  - Undefined Weak Reference
    __cxa_finalize                            - Undefined Weak Reference
    __sigvec_lookup                           - Undefined Weak Reference
    _atexit_init                              - Undefined Weak Reference
    _call_atexit_fns                          - Undefined Weak Reference
    _clock_init                               - Undefined Weak Reference
    _fp_trap_init                             - Undefined Weak Reference
    _fp_trap_shutdown                         - Undefined Weak Reference
    _get_lc_collate                           - Undefined Weak Reference
    _get_lc_monetary                          - Undefined Weak Reference
    _get_lc_numeric                           - Undefined Weak Reference
    _get_lc_time                              - Undefined Weak Reference
    _getenv_init                              - Undefined Weak Reference
    _handle_redirection                       - Undefined Weak Reference
    _init_alloc                               - Undefined Weak Reference
    _init_user_alloc                          - Undefined Weak Reference
    _initio                                   - Undefined Weak Reference
    _mutex_acquire                            - Undefined Weak Reference
    _mutex_release                            - Undefined Weak Reference
    _printf_mbtowc                            - Undefined Weak Reference
    _printf_post_padding                      - Undefined Weak Reference
    _printf_pre_padding                       - Undefined Weak Reference
    _printf_truncate_signed                   - Undefined Weak Reference
    _printf_truncate_unsigned                 - Undefined Weak Reference
    _rand_init                                - Undefined Weak Reference
    _signal_finish                            - Undefined Weak Reference
    _signal_init                              - Undefined Weak Reference
    _terminate_alloc                          - Undefined Weak Reference
    _terminate_user_alloc                     - Undefined Weak Reference
    _terminateio                              - Undefined Weak Reference
    __Vectors_Size                           0x00000130   Number         0  startup_stm32f103xe.o ABSOLUTE
    __Vectors                                0x08000000   Data           4  startup_stm32f103xe.o(RESET)
    __Vectors_End                            0x08000130   Data           0  startup_stm32f103xe.o(RESET)
    __main                                   0x08000131   Thumb Code     8  __main.o(!!!main)
    __scatterload                            0x08000139   Thumb Code     0  __scatter.o(!!!scatter)
    __scatterload_rt2                        0x08000139   Thumb Code    44  __scatter.o(!!!scatter)
    __scatterload_rt2_thumb_only             0x08000139   Thumb Code     0  __scatter.o(!!!scatter)
    __scatterload_null                       0x08000147   Thumb Code     0  __scatter.o(!!!scatter)
    __scatterload_copy                       0x0800016d   Thumb Code    26  __scatter_copy.o(!!handler_copy)
    __scatterload_zeroinit                   0x08000189   Thumb Code    28  __scatter_zi.o(!!handler_zi)
    _printf_d                                0x080001a5   Thumb Code     0  _printf_d.o(.ARM.Collect$$_printf_percent$$00000009)
    _printf_percent                          0x080001a5   Thumb Code     0  _printf_percent.o(.ARM.Collect$$_printf_percent$$00000000)
    _printf_s                                0x080001ab   Thumb Code     0  _printf_s.o(.ARM.Collect$$_printf_percent$$00000014)
    _printf_percent_end                      0x080001b1   Thumb Code     0  _printf_percent_end.o(.ARM.Collect$$_printf_percent$$00000017)
    __rt_lib_init                            0x080001b5   Thumb Code     0  libinit.o(.ARM.Collect$$libinit$$00000000)
    __rt_lib_init_alloca_1                   0x080001b7   Thumb Code     0  libinit2.o(.ARM.Collect$$libinit$$0000002E)
    __rt_lib_init_argv_1                     0x080001b7   Thumb Code     0  libinit2.o(.ARM.Collect$$libinit$$0000002C)
    __rt_lib_init_atexit_1                   0x080001b7   Thumb Code     0  libinit2.o(.ARM.Collect$$libinit$$0000001B)
    __rt_lib_init_clock_1                    0x080001b7   Thumb Code     0  libinit2.o(.ARM.Collect$$libinit$$00000021)
    __rt_lib_init_cpp_1                      0x080001b7   Thumb Code     0  libinit2.o(.ARM.Collect$$libinit$$00000032)
    __rt_lib_init_exceptions_1               0x080001b7   Thumb Code     0  libinit2.o(.ARM.Collect$$libinit$$00000030)
    __rt_lib_init_fp_1                       0x080001b7   Thumb Code     0  libinit2.o(.ARM.Collect$$libinit$$00000002)
    __rt_lib_init_fp_trap_1                  0x080001b7   Thumb Code     0  libinit2.o(.ARM.Collect$$libinit$$0000001F)
    __rt_lib_init_getenv_1                   0x080001b7   Thumb Code     0  libinit2.o(.ARM.Collect$$libinit$$00000023)
    __rt_lib_init_heap_1                     0x080001b7   Thumb Code     0  libinit2.o(.ARM.Collect$$libinit$$0000000A)
    __rt_lib_init_lc_collate_1               0x080001b7   Thumb Code     0  libinit2.o(.ARM.Collect$$libinit$$00000011)
    __rt_lib_init_lc_ctype_1                 0x080001b7   Thumb Code     0  libinit2.o(.ARM.Collect$$libinit$$00000013)
    __rt_lib_init_lc_monetary_1              0x080001b7   Thumb Code     0  libinit2.o(.ARM.Collect$$libinit$$00000015)
    __rt_lib_init_lc_numeric_1               0x080001b7   Thumb Code     0  libinit2.o(.ARM.Collect$$libinit$$00000017)
    __rt_lib_init_lc_time_1                  0x080001b7   Thumb Code     0  libinit2.o(.ARM.Collect$$libinit$$00000019)
    __rt_lib_init_preinit_1                  0x080001b7   Thumb Code     0  libinit2.o(.ARM.Collect$$libinit$$00000004)
    __rt_lib_init_rand_1                     0x080001b7   Thumb Code     0  libinit2.o(.ARM.Collect$$libinit$$0000000E)
    __rt_lib_init_return                     0x080001b7   Thumb Code     0  libinit2.o(.ARM.Collect$$libinit$$00000033)
    __rt_lib_init_signal_1                   0x080001b7   Thumb Code     0  libinit2.o(.ARM.Collect$$libinit$$0000001D)
    __rt_lib_init_stdio_1                    0x080001b7   Thumb Code     0  libinit2.o(.ARM.Collect$$libinit$$00000025)
    __rt_lib_init_user_alloc_1               0x080001b7   Thumb Code     0  libinit2.o(.ARM.Collect$$libinit$$0000000C)
    __rt_lib_shutdown                        0x080001b9   Thumb Code     0  libshutdown.o(.ARM.Collect$$libshutdown$$00000000)
    __rt_lib_shutdown_cpp_1                  0x080001bb   Thumb Code     0  libshutdown2.o(.ARM.Collect$$libshutdown$$00000004)
    __rt_lib_shutdown_fini_1                 0x080001bb   Thumb Code     0  libshutdown2.o(.ARM.Collect$$libshutdown$$00000002)
    __rt_lib_shutdown_fp_trap_1              0x080001bb   Thumb Code     0  libshutdown2.o(.ARM.Collect$$libshutdown$$00000009)
    __rt_lib_shutdown_heap_1                 0x080001bb   Thumb Code     0  libshutdown2.o(.ARM.Collect$$libshutdown$$00000011)
    __rt_lib_shutdown_return                 0x080001bb   Thumb Code     0  libshutdown2.o(.ARM.Collect$$libshutdown$$00000012)
    __rt_lib_shutdown_signal_1               0x080001bb   Thumb Code     0  libshutdown2.o(.ARM.Collect$$libshutdown$$0000000C)
    __rt_lib_shutdown_stdio_1                0x080001bb   Thumb Code     0  libshutdown2.o(.ARM.Collect$$libshutdown$$00000006)
    __rt_lib_shutdown_user_alloc_1           0x080001bb   Thumb Code     0  libshutdown2.o(.ARM.Collect$$libshutdown$$0000000E)
    __rt_entry                               0x080001bd   Thumb Code     0  __rtentry.o(.ARM.Collect$$rtentry$$00000000)
    __rt_entry_presh_1                       0x080001bd   Thumb Code     0  __rtentry2.o(.ARM.Collect$$rtentry$$00000002)
    __rt_entry_sh                            0x080001bd   Thumb Code     0  __rtentry4.o(.ARM.Collect$$rtentry$$00000004)
    __rt_entry_li                            0x080001c3   Thumb Code     0  __rtentry2.o(.ARM.Collect$$rtentry$$0000000A)
    __rt_entry_postsh_1                      0x080001c3   Thumb Code     0  __rtentry2.o(.ARM.Collect$$rtentry$$00000009)
    __rt_entry_main                          0x080001c7   Thumb Code     0  __rtentry2.o(.ARM.Collect$$rtentry$$0000000D)
    __rt_entry_postli_1                      0x080001c7   Thumb Code     0  __rtentry2.o(.ARM.Collect$$rtentry$$0000000C)
    __rt_exit                                0x080001cf   Thumb Code     0  rtexit.o(.ARM.Collect$$rtexit$$00000000)
    __rt_exit_ls                             0x080001d1   Thumb Code     0  rtexit2.o(.ARM.Collect$$rtexit$$00000003)
    __rt_exit_prels_1                        0x080001d1   Thumb Code     0  rtexit2.o(.ARM.Collect$$rtexit$$00000002)
    __rt_exit_exit                           0x080001d5   Thumb Code     0  rtexit2.o(.ARM.Collect$$rtexit$$00000004)
    Reset_Handler                            0x080001dd   Thumb Code     8  startup_stm32f103xe.o(.text)
    ADC1_2_IRQHandler                        0x080001f7   Thumb Code     0  startup_stm32f103xe.o(.text)
    ADC3_IRQHandler                          0x080001f7   Thumb Code     0  startup_stm32f103xe.o(.text)
    CAN1_RX1_IRQHandler                      0x080001f7   Thumb Code     0  startup_stm32f103xe.o(.text)
    CAN1_SCE_IRQHandler                      0x080001f7   Thumb Code     0  startup_stm32f103xe.o(.text)
    DMA1_Channel1_IRQHandler                 0x080001f7   Thumb Code     0  startup_stm32f103xe.o(.text)
    DMA1_Channel2_IRQHandler                 0x080001f7   Thumb Code     0  startup_stm32f103xe.o(.text)
    DMA1_Channel3_IRQHandler                 0x080001f7   Thumb Code     0  startup_stm32f103xe.o(.text)
    DMA1_Channel4_IRQHandler                 0x080001f7   Thumb Code     0  startup_stm32f103xe.o(.text)
    DMA1_Channel5_IRQHandler                 0x080001f7   Thumb Code     0  startup_stm32f103xe.o(.text)
    DMA1_Channel6_IRQHandler                 0x080001f7   Thumb Code     0  startup_stm32f103xe.o(.text)
    DMA1_Channel7_IRQHandler                 0x080001f7   Thumb Code     0  startup_stm32f103xe.o(.text)
    DMA2_Channel1_IRQHandler                 0x080001f7   Thumb Code     0  startup_stm32f103xe.o(.text)
    DMA2_Channel2_IRQHandler                 0x080001f7   Thumb Code     0  startup_stm32f103xe.o(.text)
    DMA2_Channel3_IRQHandler                 0x080001f7   Thumb Code     0  startup_stm32f103xe.o(.text)
    DMA2_Channel4_5_IRQHandler               0x080001f7   Thumb Code     0  startup_stm32f103xe.o(.text)
    EXTI0_IRQHandler                         0x080001f7   Thumb Code     0  startup_stm32f103xe.o(.text)
    EXTI1_IRQHandler                         0x080001f7   Thumb Code     0  startup_stm32f103xe.o(.text)
    EXTI2_IRQHandler                         0x080001f7   Thumb Code     0  startup_stm32f103xe.o(.text)
    EXTI3_IRQHandler                         0x080001f7   Thumb Code     0  startup_stm32f103xe.o(.text)
    EXTI4_IRQHandler                         0x080001f7   Thumb Code     0  startup_stm32f103xe.o(.text)
    EXTI9_5_IRQHandler                       0x080001f7   Thumb Code     0  startup_stm32f103xe.o(.text)
    FLASH_IRQHandler                         0x080001f7   Thumb Code     0  startup_stm32f103xe.o(.text)
    FSMC_IRQHandler                          0x080001f7   Thumb Code     0  startup_stm32f103xe.o(.text)
    I2C1_ER_IRQHandler                       0x080001f7   Thumb Code     0  startup_stm32f103xe.o(.text)
    I2C1_EV_IRQHandler                       0x080001f7   Thumb Code     0  startup_stm32f103xe.o(.text)
    I2C2_ER_IRQHandler                       0x080001f7   Thumb Code     0  startup_stm32f103xe.o(.text)
    I2C2_EV_IRQHandler                       0x080001f7   Thumb Code     0  startup_stm32f103xe.o(.text)
    PVD_IRQHandler                           0x080001f7   Thumb Code     0  startup_stm32f103xe.o(.text)
    RCC_IRQHandler                           0x080001f7   Thumb Code     0  startup_stm32f103xe.o(.text)
    RTC_Alarm_IRQHandler                     0x080001f7   Thumb Code     0  startup_stm32f103xe.o(.text)
    RTC_IRQHandler                           0x080001f7   Thumb Code     0  startup_stm32f103xe.o(.text)
    SDIO_IRQHandler                          0x080001f7   Thumb Code     0  startup_stm32f103xe.o(.text)
    SPI1_IRQHandler                          0x080001f7   Thumb Code     0  startup_stm32f103xe.o(.text)
    SPI2_IRQHandler                          0x080001f7   Thumb Code     0  startup_stm32f103xe.o(.text)
    SPI3_IRQHandler                          0x080001f7   Thumb Code     0  startup_stm32f103xe.o(.text)
    TAMPER_IRQHandler                        0x080001f7   Thumb Code     0  startup_stm32f103xe.o(.text)
    TIM1_BRK_IRQHandler                      0x080001f7   Thumb Code     0  startup_stm32f103xe.o(.text)
    TIM1_CC_IRQHandler                       0x080001f7   Thumb Code     0  startup_stm32f103xe.o(.text)
    TIM1_TRG_COM_IRQHandler                  0x080001f7   Thumb Code     0  startup_stm32f103xe.o(.text)
    TIM1_UP_IRQHandler                       0x080001f7   Thumb Code     0  startup_stm32f103xe.o(.text)
    TIM2_IRQHandler                          0x080001f7   Thumb Code     0  startup_stm32f103xe.o(.text)
    TIM4_IRQHandler                          0x080001f7   Thumb Code     0  startup_stm32f103xe.o(.text)
    TIM5_IRQHandler                          0x080001f7   Thumb Code     0  startup_stm32f103xe.o(.text)
    TIM6_IRQHandler                          0x080001f7   Thumb Code     0  startup_stm32f103xe.o(.text)
    TIM7_IRQHandler                          0x080001f7   Thumb Code     0  startup_stm32f103xe.o(.text)
    TIM8_BRK_IRQHandler                      0x080001f7   Thumb Code     0  startup_stm32f103xe.o(.text)
    TIM8_CC_IRQHandler                       0x080001f7   Thumb Code     0  startup_stm32f103xe.o(.text)
    TIM8_TRG_COM_IRQHandler                  0x080001f7   Thumb Code     0  startup_stm32f103xe.o(.text)
    TIM8_UP_IRQHandler                       0x080001f7   Thumb Code     0  startup_stm32f103xe.o(.text)
    UART4_IRQHandler                         0x080001f7   Thumb Code     0  startup_stm32f103xe.o(.text)
    UART5_IRQHandler                         0x080001f7   Thumb Code     0  startup_stm32f103xe.o(.text)
    USART2_IRQHandler                        0x080001f7   Thumb Code     0  startup_stm32f103xe.o(.text)
    USART3_IRQHandler                        0x080001f7   Thumb Code     0  startup_stm32f103xe.o(.text)
    USBWakeUp_IRQHandler                     0x080001f7   Thumb Code     0  startup_stm32f103xe.o(.text)
    USB_HP_CAN1_TX_IRQHandler                0x080001f7   Thumb Code     0  startup_stm32f103xe.o(.text)
    USB_LP_CAN1_RX0_IRQHandler               0x080001f7   Thumb Code     0  startup_stm32f103xe.o(.text)
    WWDG_IRQHandler                          0x080001f7   Thumb Code     0  startup_stm32f103xe.o(.text)
    __user_initial_stackheap                 0x080001f9   Thumb Code     0  startup_stm32f103xe.o(.text)
    __use_no_semihosting                     0x0800021d   Thumb Code     2  use_no_semi_2.o(.text)
    __2printf                                0x08000221   Thumb Code    20  noretval__2printf.o(.text)
    __printf                                 0x08000239   Thumb Code   104  __printf.o(.text)
    _printf_str                              0x080002a1   Thumb Code    82  _printf_str.o(.text)
    _printf_int_dec                          0x080002f5   Thumb Code   104  _printf_dec.o(.text)
    __aeabi_memcpy                           0x0800036d   Thumb Code     0  rt_memcpy_v6.o(.text)
    __rt_memcpy                              0x0800036d   Thumb Code   138  rt_memcpy_v6.o(.text)
    _memcpy_lastbytes                        0x080003d3   Thumb Code     0  rt_memcpy_v6.o(.text)
    __aeabi_memclr                           0x080003f7   Thumb Code     0  rt_memclr.o(.text)
    __rt_memclr                              0x080003f7   Thumb Code    68  rt_memclr.o(.text)
    _memset                                  0x080003fb   Thumb Code     0  rt_memclr.o(.text)
    __aeabi_memclr4                          0x0800043b   Thumb Code     0  rt_memclr_w.o(.text)
    __aeabi_memclr8                          0x0800043b   Thumb Code     0  rt_memclr_w.o(.text)
    __rt_memclr_w                            0x0800043b   Thumb Code    78  rt_memclr_w.o(.text)
    _memset_w                                0x0800043f   Thumb Code     0  rt_memclr_w.o(.text)
    __use_two_region_memory                  0x08000489   Thumb Code     2  heapauxi.o(.text)
    __rt_heap_escrow$2region                 0x0800048b   Thumb Code     2  heapauxi.o(.text)
    __rt_heap_expand$2region                 0x0800048d   Thumb Code     2  heapauxi.o(.text)
    __I$use$semihosting                      0x0800048f   Thumb Code     0  use_no_semi.o(.text)
    __use_no_semihosting_swi                 0x0800048f   Thumb Code     2  use_no_semi.o(.text)
    _printf_int_common                       0x08000491   Thumb Code   178  _printf_intcommon.o(.text)
    _printf_cs_common                        0x08000543   Thumb Code    20  _printf_char.o(.text)
    _printf_char                             0x08000557   Thumb Code    16  _printf_char.o(.text)
    _printf_string                           0x08000567   Thumb Code     8  _printf_char.o(.text)
    _printf_char_file                        0x08000571   Thumb Code    32  _printf_char_file.o(.text)
    __aeabi_memcpy4                          0x08000595   Thumb Code     0  rt_memcpy_w.o(.text)
    __aeabi_memcpy8                          0x08000595   Thumb Code     0  rt_memcpy_w.o(.text)
    __rt_memcpy_w                            0x08000595   Thumb Code   100  rt_memcpy_w.o(.text)
    _memcpy_lastbytes_aligned                0x080005dd   Thumb Code     0  rt_memcpy_w.o(.text)
    __user_libspace                          0x080005f9   Thumb Code     8  libspace.o(.text)
    __user_perproc_libspace                  0x080005f9   Thumb Code     0  libspace.o(.text)
    __user_perthread_libspace                0x080005f9   Thumb Code     0  libspace.o(.text)
    _printf_char_common                      0x0800060b   Thumb Code    32  _printf_char_common.o(.text)
    ferror                                   0x08000631   Thumb Code     8  ferror.o(.text)
    __user_setup_stackheap                   0x08000639   Thumb Code    74  sys_stackheap_outer.o(.text)
    exit                                     0x08000683   Thumb Code    18  exit.o(.text)
    BusFault_Handler                         0x08000695   Thumb Code     4  stm32f1xx_it.o(i.BusFault_Handler)
    CadDone                                  0x08000699   Thumb Code    12  userconfig.o(i.CadDone)
    DIO1_Init                                0x080006ad   Thumb Code    88  driver_key.o(i.DIO1_Init)
    DX_Lora_RadioIrqProcess                  0x08000711   Thumb Code   252  userconfig.o(i.DX_Lora_RadioIrqProcess)
    Data_Processing                          0x08000821   Thumb Code    64  userconfig.o(i.Data_Processing)
    DebugMon_Handler                         0x0800086d   Thumb Code     2  stm32f1xx_it.o(i.DebugMon_Handler)
    EXTI15_10_IRQHandler                     0x0800086f   Thumb Code    12  driver_key.o(i.EXTI15_10_IRQHandler)
    Error_Handler                            0x0800087d   Thumb Code    14  main.o(i.Error_Handler)
    HAL_DMA_Abort_IT                         0x08000899   Thumb Code   414  stm32f1xx_hal_dma.o(i.HAL_DMA_Abort_IT)
    HAL_GPIO_EXTI_Callback                   0x08000a41   Thumb Code    36  driver_key.o(i.HAL_GPIO_EXTI_Callback)
    HAL_GPIO_EXTI_IRQHandler                 0x08000a6d   Thumb Code    24  stm32f1xx_hal_gpio.o(i.HAL_GPIO_EXTI_IRQHandler)
    HAL_GPIO_Init                            0x08000a89   Thumb Code   792  stm32f1xx_hal_gpio.o(i.HAL_GPIO_Init)
    HAL_GPIO_ReadPin                         0x08000dc9   Thumb Code    16  stm32f1xx_hal_gpio.o(i.HAL_GPIO_ReadPin)
    HAL_GPIO_WritePin                        0x08000dd9   Thumb Code    12  stm32f1xx_hal_gpio.o(i.HAL_GPIO_WritePin)
    HAL_GetTick                              0x08000de5   Thumb Code     6  stm32f1xx_hal.o(i.HAL_GetTick)
    HAL_IncTick                              0x08000df1   Thumb Code    16  stm32f1xx_hal.o(i.HAL_IncTick)
    HAL_Init                                 0x08000e09   Thumb Code    34  stm32f1xx_hal.o(i.HAL_Init)
    HAL_InitTick                             0x08000e31   Thumb Code    64  stm32f1xx_hal.o(i.HAL_InitTick)
    HAL_MspInit                              0x08000e7d   Thumb Code     2  stm32f1xx_hal.o(i.HAL_MspInit)
    HAL_NVIC_EnableIRQ                       0x08000e7f   Thumb Code    32  stm32f1xx_hal_cortex.o(i.HAL_NVIC_EnableIRQ)
    HAL_NVIC_SetPriority                     0x08000e9f   Thumb Code   124  stm32f1xx_hal_cortex.o(i.HAL_NVIC_SetPriority)
    HAL_NVIC_SetPriorityGrouping             0x08000f1d   Thumb Code    32  stm32f1xx_hal_cortex.o(i.HAL_NVIC_SetPriorityGrouping)
    HAL_RCC_ClockConfig                      0x08000f45   Thumb Code   376  stm32f1xx_hal_rcc.o(i.HAL_RCC_ClockConfig)
    HAL_RCC_GetHCLKFreq                      0x080010d1   Thumb Code     6  stm32f1xx_hal_rcc.o(i.HAL_RCC_GetHCLKFreq)
    HAL_RCC_GetPCLK1Freq                     0x080010dd   Thumb Code    22  stm32f1xx_hal_rcc.o(i.HAL_RCC_GetPCLK1Freq)
    HAL_RCC_GetPCLK2Freq                     0x080010fd   Thumb Code    22  stm32f1xx_hal_rcc.o(i.HAL_RCC_GetPCLK2Freq)
    HAL_RCC_GetSysClockFreq                  0x0800111d   Thumb Code   116  stm32f1xx_hal_rcc.o(i.HAL_RCC_GetSysClockFreq)
    HAL_RCC_OscConfig                        0x080011b1   Thumb Code  1114  stm32f1xx_hal_rcc.o(i.HAL_RCC_OscConfig)
    HAL_SPI_Init                             0x08001615   Thumb Code   156  stm32f1xx_hal_spi.o(i.HAL_SPI_Init)
    HAL_SPI_MspInit                          0x080016b1   Thumb Code   246  driver_spi.o(i.HAL_SPI_MspInit)
    HAL_SPI_Receive                          0x080017b5   Thumb Code   586  stm32f1xx_hal_spi.o(i.HAL_SPI_Receive)
    HAL_SPI_Transmit                         0x080019ff   Thumb Code   474  stm32f1xx_hal_spi.o(i.HAL_SPI_Transmit)
    HAL_SPI_TransmitReceive                  0x08001bd9   Thumb Code   750  stm32f1xx_hal_spi.o(i.HAL_SPI_TransmitReceive)
    HAL_SYSTICK_Config                       0x08001ec7   Thumb Code    52  stm32f1xx_hal_cortex.o(i.HAL_SYSTICK_Config)
    HAL_TIMEx_BreakCallback                  0x08001efb   Thumb Code     2  stm32f1xx_hal_tim_ex.o(i.HAL_TIMEx_BreakCallback)
    HAL_TIMEx_CommutCallback                 0x08001efd   Thumb Code     2  stm32f1xx_hal_tim_ex.o(i.HAL_TIMEx_CommutCallback)
    HAL_TIMEx_MasterConfigSynchronization    0x08001eff   Thumb Code    84  stm32f1xx_hal_tim_ex.o(i.HAL_TIMEx_MasterConfigSynchronization)
    HAL_TIM_Base_Init                        0x08001f53   Thumb Code    52  stm32f1xx_hal_tim.o(i.HAL_TIM_Base_Init)
    HAL_TIM_Base_MspInit                     0x08001f89   Thumb Code    94  driver_timer.o(i.HAL_TIM_Base_MspInit)
    HAL_TIM_Base_Start                       0x08001ff1   Thumb Code    42  stm32f1xx_hal_tim.o(i.HAL_TIM_Base_Start)
    HAL_TIM_Base_Start_IT                    0x0800201b   Thumb Code    42  stm32f1xx_hal_tim.o(i.HAL_TIM_Base_Start_IT)
    HAL_TIM_Base_Stop                        0x08002045   Thumb Code    56  stm32f1xx_hal_tim.o(i.HAL_TIM_Base_Stop)
    HAL_TIM_Base_Stop_IT                     0x0800207d   Thumb Code    56  stm32f1xx_hal_tim.o(i.HAL_TIM_Base_Stop_IT)
    HAL_TIM_ConfigClockSource                0x080020b5   Thumb Code   264  stm32f1xx_hal_tim.o(i.HAL_TIM_ConfigClockSource)
    HAL_TIM_IC_CaptureCallback               0x080021bd   Thumb Code     2  stm32f1xx_hal_tim.o(i.HAL_TIM_IC_CaptureCallback)
    HAL_TIM_IRQHandler                       0x080021bf   Thumb Code   406  stm32f1xx_hal_tim.o(i.HAL_TIM_IRQHandler)
    HAL_TIM_OC_DelayElapsedCallback          0x08002355   Thumb Code     2  stm32f1xx_hal_tim.o(i.HAL_TIM_OC_DelayElapsedCallback)
    HAL_TIM_PWM_PulseFinishedCallback        0x08002357   Thumb Code     2  stm32f1xx_hal_tim.o(i.HAL_TIM_PWM_PulseFinishedCallback)
    HAL_TIM_PeriodElapsedCallback            0x08002359   Thumb Code    52  main.o(i.HAL_TIM_PeriodElapsedCallback)
    HAL_TIM_TriggerCallback                  0x0800239d   Thumb Code     2  stm32f1xx_hal_tim.o(i.HAL_TIM_TriggerCallback)
    HAL_UART_ErrorCallback                   0x0800239f   Thumb Code     2  stm32f1xx_hal_uart.o(i.HAL_UART_ErrorCallback)
    HAL_UART_IRQHandler                      0x080023a1   Thumb Code   326  stm32f1xx_hal_uart.o(i.HAL_UART_IRQHandler)
    HAL_UART_Init                            0x080024ed   Thumb Code   114  stm32f1xx_hal_uart.o(i.HAL_UART_Init)
    HAL_UART_MspInit                         0x08002561   Thumb Code   140  driver_usart.o(i.HAL_UART_MspInit)
    HAL_UART_Receive_IT                      0x080025f9   Thumb Code   112  stm32f1xx_hal_uart.o(i.HAL_UART_Receive_IT)
    HAL_UART_RxCpltCallback                  0x08002669   Thumb Code    84  main.o(i.HAL_UART_RxCpltCallback)
    HAL_UART_Transmit                        0x080026d1   Thumb Code   214  stm32f1xx_hal_uart.o(i.HAL_UART_Transmit)
    HAL_UART_TxCpltCallback                  0x080027a7   Thumb Code     2  stm32f1xx_hal_uart.o(i.HAL_UART_TxCpltCallback)
    HardFault_Handler                        0x080027a9   Thumb Code     4  stm32f1xx_it.o(i.HardFault_Handler)
    LoraDataSend                             0x080027ad   Thumb Code    56  userconfig.o(i.LoraDataSend)
    LoraInit                                 0x080027ed   Thumb Code   230  userconfig.o(i.LoraInit)
    LoraOpenRXMode                           0x080028e1   Thumb Code    30  userconfig.o(i.LoraOpenRXMode)
    MemManage_Handler                        0x08002905   Thumb Code     4  stm32f1xx_it.o(i.MemManage_Handler)
    NMI_Handler                              0x08002909   Thumb Code     2  stm32f1xx_it.o(i.NMI_Handler)
    OnRxDone                                 0x0800290d   Thumb Code    50  userconfig.o(i.OnRxDone)
    OnTxDone                                 0x08002951   Thumb Code    20  userconfig.o(i.OnTxDone)
    PendSV_Handler                           0x0800296d   Thumb Code     2  stm32f1xx_it.o(i.PendSV_Handler)
    RxEn                                     0x08002999   Thumb Code    24  userconfig.o(i.RxEn)
    RxError                                  0x080029b5   Thumb Code    12  userconfig.o(i.RxError)
    RxTimeout                                0x080029c9   Thumb Code    20  userconfig.o(i.RxTimeout)
    SPI_ISCRCErrorValid                      0x08002a85   Thumb Code     6  stm32f1xx_hal_spi.o(i.SPI_ISCRCErrorValid)
    SPI_Init                                 0x08002a8d   Thumb Code    76  driver_spi.o(i.SPI_Init)
    SPI_ReadBytes                            0x08002ae1   Thumb Code    20  driver_spi.o(i.SPI_ReadBytes)
    SPI_WriteBytes                           0x08002ba1   Thumb Code    20  driver_spi.o(i.SPI_WriteBytes)
    SVC_Handler                              0x08002bb9   Thumb Code     2  stm32f1xx_it.o(i.SVC_Handler)
    SysTick_Handler                          0x08002bbb   Thumb Code     8  stm32f1xx_it.o(i.SysTick_Handler)
    SystemClock_Config                       0x08002bc3   Thumb Code   102  stm32f1xx_clk.o(i.SystemClock_Config)
    SystemInit                               0x08002c29   Thumb Code    70  system_stm32f1xx.o(i.SystemInit)
    TIM3_IRQHandler                          0x08002c81   Thumb Code    10  stm32f1xx_it.o(i.TIM3_IRQHandler)
    TIM3_Init                                0x08002c91   Thumb Code   100  driver_timer.o(i.TIM3_Init)
    TIM_Base_SetConfig                       0x08002cfd   Thumb Code   134  stm32f1xx_hal_tim.o(i.TIM_Base_SetConfig)
    TIM_ETR_SetConfig                        0x08002d99   Thumb Code    22  stm32f1xx_hal_tim.o(i.TIM_ETR_SetConfig)
    TimerInit                                0x08002e11   Thumb Code    96  driver_timer.o(i.TimerInit)
    TxEn                                     0x08002e75   Thumb Code    24  userconfig.o(i.TxEn)
    TxTimeout                                0x08002e91   Thumb Code    20  userconfig.o(i.TxTimeout)
    USART1_IRQHandler                        0x0800321d   Thumb Code    10  stm32f1xx_it.o(i.USART1_IRQHandler)
    UartTimeroutStart                        0x0800322d   Thumb Code    20  main.o(i.UartTimeroutStart)
    UartTimeroutStop                         0x08003245   Thumb Code    10  main.o(i.UartTimeroutStop)
    UsageFault_Handler                       0x08003255   Thumb Code     4  stm32f1xx_it.o(i.UsageFault_Handler)
    UsartInit                                0x08003259   Thumb Code    52  driver_usart.o(i.UsartInit)
    _sys_exit                                0x080032d1   Thumb Code     2  driver_usart.o(i._sys_exit)
    fputc                                    0x080032d5   Thumb Code    20  driver_usart.o(i.fputc)
    gpio_init                                0x080032ed   Thumb Code   134  userconfig.o(i.gpio_init)
    isFullQueue                              0x0800337d   Thumb Code    66  myqueue.o(i.isFullQueue)
    isQueueTail                              0x080033bf   Thumb Code    22  myqueue.o(i.isQueueTail)
    main                                     0x080033d5   Thumb Code   126  main.o(i.main)
    ms_timer_delay                           0x080034e1   Thumb Code    26  driver_timer.o(i.ms_timer_delay)
    queueDequeue                             0x080034fd   Thumb Code   322  myqueue.o(i.queueDequeue)
    queueEnqueue                             0x08003649   Thumb Code   200  myqueue.o(i.queueEnqueue)
    queueIsEmpty                             0x08003715   Thumb Code    18  myqueue.o(i.queueIsEmpty)
    set_LoraPacketParams                     0x08003727   Thumb Code    38  userconfig.o(i.set_LoraPacketParams)
    sx1262GetOperatingMode                   0x0800374d   Thumb Code     6  userconfig.o(i.sx1262GetOperatingMode)
    sx1262SetOperatingMode                   0x08003759   Thumb Code     6  userconfig.o(i.sx1262SetOperatingMode)
    sx126x_clear_irq_status                  0x08003765   Thumb Code    42  sx126x.o(i.sx126x_clear_irq_status)
    sx126x_convert_freq_in_hz_to_pll_step    0x08003795   Thumb Code    36  sx126x.o(i.sx126x_convert_freq_in_hz_to_pll_step)
    sx126x_convert_timeout_in_ms_to_rtc_step 0x080037b9   Thumb Code     6  sx126x.o(i.sx126x_convert_timeout_in_ms_to_rtc_step)
    sx126x_get_busy                          0x080037c1   Thumb Code    12  sx126x_hal.o(i.sx126x_get_busy)
    sx126x_get_irq_status                    0x080037d1   Thumb Code    54  sx126x.o(i.sx126x_get_irq_status)
    sx126x_get_lora_pkt_status               0x0800380d   Thumb Code    76  sx126x.o(i.sx126x_get_lora_pkt_status)
    sx126x_get_rx_buffer_status              0x0800385d   Thumb Code    52  sx126x.o(i.sx126x_get_rx_buffer_status)
    sx126x_hal_read                          0x08003895   Thumb Code    84  sx126x_hal.o(i.sx126x_hal_read)
    sx126x_hal_reset                         0x080038ed   Thumb Code    64  sx126x_hal.o(i.sx126x_hal_reset)
    sx126x_hal_wakeup                        0x08003931   Thumb Code    52  sx126x_hal.o(i.sx126x_hal_wakeup)
    sx126x_hal_write                         0x0800396d   Thumb Code    84  sx126x_hal.o(i.sx126x_hal_write)
    sx126x_read_buffer                       0x080039c5   Thumb Code    40  sx126x.o(i.sx126x_read_buffer)
    sx126x_read_register                     0x080039f1   Thumb Code    48  sx126x.o(i.sx126x_read_register)
    sx126x_reset                             0x08003a25   Thumb Code    12  sx126x.o(i.sx126x_reset)
    sx126x_set_buffer_base_address           0x08003a31   Thumb Code    40  sx126x.o(i.sx126x_set_buffer_base_address)
    sx126x_set_dio_irq_params                0x08003a5d   Thumb Code    94  sx126x.o(i.sx126x_set_dio_irq_params)
    sx126x_set_lora_mod_params               0x08003ac9   Thumb Code    78  sx126x.o(i.sx126x_set_lora_mod_params)
    sx126x_set_lora_pkt_params               0x08003b21   Thumb Code   160  sx126x.o(i.sx126x_set_lora_pkt_params)
    sx126x_set_pa_cfg                        0x08003bc9   Thumb Code    56  sx126x.o(i.sx126x_set_pa_cfg)
    sx126x_set_pkt_type                      0x08003c09   Thumb Code    34  sx126x.o(i.sx126x_set_pkt_type)
    sx126x_set_reg_mode                      0x08003c31   Thumb Code    34  sx126x.o(i.sx126x_set_reg_mode)
    sx126x_set_rf_freq                       0x08003c59   Thumb Code    24  sx126x.o(i.sx126x_set_rf_freq)
    sx126x_set_rf_freq_in_pll_steps          0x08003c71   Thumb Code    56  sx126x.o(i.sx126x_set_rf_freq_in_pll_steps)
    sx126x_set_rx                            0x08003cb1   Thumb Code    34  sx126x.o(i.sx126x_set_rx)
    sx126x_set_rx_with_timeout_in_rtc_step   0x08003cd5   Thumb Code    48  sx126x.o(i.sx126x_set_rx_with_timeout_in_rtc_step)
    sx126x_set_standby                       0x08003d09   Thumb Code    34  sx126x.o(i.sx126x_set_standby)
    sx126x_set_trimming_capacitor_values     0x08003d31   Thumb Code    32  sx126x.o(i.sx126x_set_trimming_capacitor_values)
    sx126x_set_tx                            0x08003d51   Thumb Code    34  sx126x.o(i.sx126x_set_tx)
    sx126x_set_tx_params                     0x08003d75   Thumb Code    42  sx126x.o(i.sx126x_set_tx_params)
    sx126x_set_tx_with_timeout_in_rtc_step   0x08003da5   Thumb Code    48  sx126x.o(i.sx126x_set_tx_with_timeout_in_rtc_step)
    sx126x_wakeup                            0x08003e35   Thumb Code    12  sx126x.o(i.sx126x_wakeup)
    sx126x_write_buffer                      0x08003e41   Thumb Code    40  sx126x.o(i.sx126x_write_buffer)
    sx126x_write_register                    0x08003e6d   Thumb Code    48  sx126x.o(i.sx126x_write_register)
    us_timer_delay                           0x08003ea1   Thumb Code    52  driver_timer.o(i.us_timer_delay)
    AHBPrescTable                            0x08003ee6   Data          16  system_stm32f1xx.o(.constdata)
    APBPrescTable                            0x08003ef6   Data           8  system_stm32f1xx.o(.constdata)
    Region$$Table$$Base                      0x08003f00   Number         0  anon$$obj.o(Region$$Table)
    Region$$Table$$Limit                     0x08003f20   Number         0  anon$$obj.o(Region$$Table)
    DataLen                                  0x20000000   Data           1  main.o(.data)
    pdata                                    0x20000001   Data           1  main.o(.data)
    SystemCoreClock                          0x20000004   Data           4  system_stm32f1xx.o(.data)
    __stdout                                 0x20000008   Data           4  driver_usart.o(.data)
    __stdin                                  0x2000000c   Data           4  driver_usart.o(.data)
    uwTick                                   0x20000010   Data           4  stm32f1xx_hal.o(.data)
    uwTickPrio                               0x20000014   Data           4  stm32f1xx_hal.o(.data)
    uwTickFreq                               0x20000018   Data           1  stm32f1xx_hal.o(.data)
    IrqFired                                 0x2000001c   Data           1  userconfig.o(.data)
    offset                                   0x2000001d   Data           2  userconfig.o(.data)
    RadioPktStatus                           0x2000001f   Data           3  userconfig.o(.data)
    radioFlag                                0x20000022   Data           2  userconfig.o(.data)
    pUart1RxQueue                            0x20000028   Data           4  myqueue.o(.data)
    husart                                   0x20000134   Data          64  driver_usart.o(.bss)
    hspi                                     0x20000174   Data          88  driver_spi.o(.bss)
    htim                                     0x200001cc   Data          64  driver_timer.o(.bss)
    htim3                                    0x2000020c   Data          64  driver_timer.o(.bss)
    radioRxbuff                              0x2000024c   Data         255  userconfig.o(.bss)
    UartRxQueue                              0x2000034c   Data        2006  myqueue.o(.bss)
    __libspace_start                         0x20000b24   Data          96  libspace.o(.bss)
    __temporary_stack_top$libspace           0x20000b84   Data           0  libspace.o(.bss)



==============================================================================

Memory Map of the image

  Image Entry point : 0x08000131

  Load Region LR_IROM1 (Base: 0x08000000, Size: 0x00003f54, Max: 0x00080000, ABSOLUTE)

    Execution Region ER_IROM1 (Exec base: 0x08000000, Load base: 0x08000000, Size: 0x00003f20, Max: 0x00080000, ABSOLUTE)

    Exec Addr    Load Addr    Size         Type   Attr      Idx    E Section Name        Object

    0x08000000   0x08000000   0x00000130   Data   RO          354    RESET               startup_stm32f103xe.o
    0x08000130   0x08000130   0x00000008   Code   RO         4207  * !!!main             c_w.l(__main.o)
    0x08000138   0x08000138   0x00000034   Code   RO         4402    !!!scatter          c_w.l(__scatter.o)
    0x0800016c   0x0800016c   0x0000001a   Code   RO         4404    !!handler_copy      c_w.l(__scatter_copy.o)
    0x08000186   0x08000186   0x00000002   PAD
    0x08000188   0x08000188   0x0000001c   Code   RO         4406    !!handler_zi        c_w.l(__scatter_zi.o)
    0x080001a4   0x080001a4   0x00000000   Code   RO         4196    .ARM.Collect$$_printf_percent$$00000000  c_w.l(_printf_percent.o)
    0x080001a4   0x080001a4   0x00000006   Code   RO         4195    .ARM.Collect$$_printf_percent$$00000009  c_w.l(_printf_d.o)
    0x080001aa   0x080001aa   0x00000006   Code   RO         4194    .ARM.Collect$$_printf_percent$$00000014  c_w.l(_printf_s.o)
    0x080001b0   0x080001b0   0x00000004   Code   RO         4225    .ARM.Collect$$_printf_percent$$00000017  c_w.l(_printf_percent_end.o)
    0x080001b4   0x080001b4   0x00000002   Code   RO         4277    .ARM.Collect$$libinit$$00000000  c_w.l(libinit.o)
    0x080001b6   0x080001b6   0x00000000   Code   RO         4279    .ARM.Collect$$libinit$$00000002  c_w.l(libinit2.o)
    0x080001b6   0x080001b6   0x00000000   Code   RO         4281    .ARM.Collect$$libinit$$00000004  c_w.l(libinit2.o)
    0x080001b6   0x080001b6   0x00000000   Code   RO         4284    .ARM.Collect$$libinit$$0000000A  c_w.l(libinit2.o)
    0x080001b6   0x080001b6   0x00000000   Code   RO         4286    .ARM.Collect$$libinit$$0000000C  c_w.l(libinit2.o)
    0x080001b6   0x080001b6   0x00000000   Code   RO         4288    .ARM.Collect$$libinit$$0000000E  c_w.l(libinit2.o)
    0x080001b6   0x080001b6   0x00000000   Code   RO         4291    .ARM.Collect$$libinit$$00000011  c_w.l(libinit2.o)
    0x080001b6   0x080001b6   0x00000000   Code   RO         4293    .ARM.Collect$$libinit$$00000013  c_w.l(libinit2.o)
    0x080001b6   0x080001b6   0x00000000   Code   RO         4295    .ARM.Collect$$libinit$$00000015  c_w.l(libinit2.o)
    0x080001b6   0x080001b6   0x00000000   Code   RO         4297    .ARM.Collect$$libinit$$00000017  c_w.l(libinit2.o)
    0x080001b6   0x080001b6   0x00000000   Code   RO         4299    .ARM.Collect$$libinit$$00000019  c_w.l(libinit2.o)
    0x080001b6   0x080001b6   0x00000000   Code   RO         4301    .ARM.Collect$$libinit$$0000001B  c_w.l(libinit2.o)
    0x080001b6   0x080001b6   0x00000000   Code   RO         4303    .ARM.Collect$$libinit$$0000001D  c_w.l(libinit2.o)
    0x080001b6   0x080001b6   0x00000000   Code   RO         4305    .ARM.Collect$$libinit$$0000001F  c_w.l(libinit2.o)
    0x080001b6   0x080001b6   0x00000000   Code   RO         4307    .ARM.Collect$$libinit$$00000021  c_w.l(libinit2.o)
    0x080001b6   0x080001b6   0x00000000   Code   RO         4309    .ARM.Collect$$libinit$$00000023  c_w.l(libinit2.o)
    0x080001b6   0x080001b6   0x00000000   Code   RO         4311    .ARM.Collect$$libinit$$00000025  c_w.l(libinit2.o)
    0x080001b6   0x080001b6   0x00000000   Code   RO         4315    .ARM.Collect$$libinit$$0000002C  c_w.l(libinit2.o)
    0x080001b6   0x080001b6   0x00000000   Code   RO         4317    .ARM.Collect$$libinit$$0000002E  c_w.l(libinit2.o)
    0x080001b6   0x080001b6   0x00000000   Code   RO         4319    .ARM.Collect$$libinit$$00000030  c_w.l(libinit2.o)
    0x080001b6   0x080001b6   0x00000000   Code   RO         4321    .ARM.Collect$$libinit$$00000032  c_w.l(libinit2.o)
    0x080001b6   0x080001b6   0x00000002   Code   RO         4322    .ARM.Collect$$libinit$$00000033  c_w.l(libinit2.o)
    0x080001b8   0x080001b8   0x00000002   Code   RO         4350    .ARM.Collect$$libshutdown$$00000000  c_w.l(libshutdown.o)
    0x080001ba   0x080001ba   0x00000000   Code   RO         4359    .ARM.Collect$$libshutdown$$00000002  c_w.l(libshutdown2.o)
    0x080001ba   0x080001ba   0x00000000   Code   RO         4361    .ARM.Collect$$libshutdown$$00000004  c_w.l(libshutdown2.o)
    0x080001ba   0x080001ba   0x00000000   Code   RO         4363    .ARM.Collect$$libshutdown$$00000006  c_w.l(libshutdown2.o)
    0x080001ba   0x080001ba   0x00000000   Code   RO         4366    .ARM.Collect$$libshutdown$$00000009  c_w.l(libshutdown2.o)
    0x080001ba   0x080001ba   0x00000000   Code   RO         4369    .ARM.Collect$$libshutdown$$0000000C  c_w.l(libshutdown2.o)
    0x080001ba   0x080001ba   0x00000000   Code   RO         4371    .ARM.Collect$$libshutdown$$0000000E  c_w.l(libshutdown2.o)
    0x080001ba   0x080001ba   0x00000000   Code   RO         4374    .ARM.Collect$$libshutdown$$00000011  c_w.l(libshutdown2.o)
    0x080001ba   0x080001ba   0x00000002   Code   RO         4375    .ARM.Collect$$libshutdown$$00000012  c_w.l(libshutdown2.o)
    0x080001bc   0x080001bc   0x00000000   Code   RO         4211    .ARM.Collect$$rtentry$$00000000  c_w.l(__rtentry.o)
    0x080001bc   0x080001bc   0x00000000   Code   RO         4234    .ARM.Collect$$rtentry$$00000002  c_w.l(__rtentry2.o)
    0x080001bc   0x080001bc   0x00000006   Code   RO         4246    .ARM.Collect$$rtentry$$00000004  c_w.l(__rtentry4.o)
    0x080001c2   0x080001c2   0x00000000   Code   RO         4236    .ARM.Collect$$rtentry$$00000009  c_w.l(__rtentry2.o)
    0x080001c2   0x080001c2   0x00000004   Code   RO         4237    .ARM.Collect$$rtentry$$0000000A  c_w.l(__rtentry2.o)
    0x080001c6   0x080001c6   0x00000000   Code   RO         4239    .ARM.Collect$$rtentry$$0000000C  c_w.l(__rtentry2.o)
    0x080001c6   0x080001c6   0x00000008   Code   RO         4240    .ARM.Collect$$rtentry$$0000000D  c_w.l(__rtentry2.o)
    0x080001ce   0x080001ce   0x00000002   Code   RO         4323    .ARM.Collect$$rtexit$$00000000  c_w.l(rtexit.o)
    0x080001d0   0x080001d0   0x00000000   Code   RO         4330    .ARM.Collect$$rtexit$$00000002  c_w.l(rtexit2.o)
    0x080001d0   0x080001d0   0x00000004   Code   RO         4331    .ARM.Collect$$rtexit$$00000003  c_w.l(rtexit2.o)
    0x080001d4   0x080001d4   0x00000006   Code   RO         4332    .ARM.Collect$$rtexit$$00000004  c_w.l(rtexit2.o)
    0x080001da   0x080001da   0x00000002   PAD
    0x080001dc   0x080001dc   0x00000040   Code   RO          355    .text               startup_stm32f103xe.o
    0x0800021c   0x0800021c   0x00000002   Code   RO         4162    .text               c_w.l(use_no_semi_2.o)
    0x0800021e   0x0800021e   0x00000002   PAD
    0x08000220   0x08000220   0x00000018   Code   RO         4166    .text               c_w.l(noretval__2printf.o)
    0x08000238   0x08000238   0x00000068   Code   RO         4168    .text               c_w.l(__printf.o)
    0x080002a0   0x080002a0   0x00000052   Code   RO         4170    .text               c_w.l(_printf_str.o)
    0x080002f2   0x080002f2   0x00000002   PAD
    0x080002f4   0x080002f4   0x00000078   Code   RO         4172    .text               c_w.l(_printf_dec.o)
    0x0800036c   0x0800036c   0x0000008a   Code   RO         4199    .text               c_w.l(rt_memcpy_v6.o)
    0x080003f6   0x080003f6   0x00000044   Code   RO         4201    .text               c_w.l(rt_memclr.o)
    0x0800043a   0x0800043a   0x0000004e   Code   RO         4203    .text               c_w.l(rt_memclr_w.o)
    0x08000488   0x08000488   0x00000006   Code   RO         4205    .text               c_w.l(heapauxi.o)
    0x0800048e   0x0800048e   0x00000002   Code   RO         4209    .text               c_w.l(use_no_semi.o)
    0x08000490   0x08000490   0x000000b2   Code   RO         4219    .text               c_w.l(_printf_intcommon.o)
    0x08000542   0x08000542   0x0000002c   Code   RO         4221    .text               c_w.l(_printf_char.o)
    0x0800056e   0x0800056e   0x00000002   PAD
    0x08000570   0x08000570   0x00000024   Code   RO         4223    .text               c_w.l(_printf_char_file.o)
    0x08000594   0x08000594   0x00000064   Code   RO         4228    .text               c_w.l(rt_memcpy_w.o)
    0x080005f8   0x080005f8   0x00000008   Code   RO         4230    .text               c_w.l(libspace.o)
    0x08000600   0x08000600   0x00000030   Code   RO         4253    .text               c_w.l(_printf_char_common.o)
    0x08000630   0x08000630   0x00000008   Code   RO         4257    .text               c_w.l(ferror.o)
    0x08000638   0x08000638   0x0000004a   Code   RO         4264    .text               c_w.l(sys_stackheap_outer.o)
    0x08000682   0x08000682   0x00000012   Code   RO         4268    .text               c_w.l(exit.o)
    0x08000694   0x08000694   0x00000004   Code   RO          193    i.BusFault_Handler  stm32f1xx_it.o
    0x08000698   0x08000698   0x00000014   Code   RO         3853    i.CadDone           userconfig.o
    0x080006ac   0x080006ac   0x00000064   Code   RO          491    i.DIO1_Init         driver_key.o
    0x08000710   0x08000710   0x00000110   Code   RO         3854    i.DX_Lora_RadioIrqProcess  userconfig.o
    0x08000820   0x08000820   0x0000004c   Code   RO         3855    i.Data_Processing   userconfig.o
    0x0800086c   0x0800086c   0x00000002   Code   RO          194    i.DebugMon_Handler  stm32f1xx_it.o
    0x0800086e   0x0800086e   0x0000000c   Code   RO          492    i.EXTI15_10_IRQHandler  driver_key.o
    0x0800087a   0x0800087a   0x00000002   PAD
    0x0800087c   0x0800087c   0x0000001c   Code   RO            4    i.Error_Handler     main.o
    0x08000898   0x08000898   0x000001a8   Code   RO         1362    i.HAL_DMA_Abort_IT  stm32f1xx_hal_dma.o
    0x08000a40   0x08000a40   0x0000002c   Code   RO          493    i.HAL_GPIO_EXTI_Callback  driver_key.o
    0x08000a6c   0x08000a6c   0x0000001c   Code   RO         1030    i.HAL_GPIO_EXTI_IRQHandler  stm32f1xx_hal_gpio.o
    0x08000a88   0x08000a88   0x00000340   Code   RO         1031    i.HAL_GPIO_Init     stm32f1xx_hal_gpio.o
    0x08000dc8   0x08000dc8   0x00000010   Code   RO         1033    i.HAL_GPIO_ReadPin  stm32f1xx_hal_gpio.o
    0x08000dd8   0x08000dd8   0x0000000c   Code   RO         1035    i.HAL_GPIO_WritePin  stm32f1xx_hal_gpio.o
    0x08000de4   0x08000de4   0x0000000c   Code   RO          600    i.HAL_GetTick       stm32f1xx_hal.o
    0x08000df0   0x08000df0   0x00000018   Code   RO          606    i.HAL_IncTick       stm32f1xx_hal.o
    0x08000e08   0x08000e08   0x00000028   Code   RO          607    i.HAL_Init          stm32f1xx_hal.o
    0x08000e30   0x08000e30   0x0000004c   Code   RO          608    i.HAL_InitTick      stm32f1xx_hal.o
    0x08000e7c   0x08000e7c   0x00000002   Code   RO          610    i.HAL_MspInit       stm32f1xx_hal.o
    0x08000e7e   0x08000e7e   0x00000020   Code   RO          765    i.HAL_NVIC_EnableIRQ  stm32f1xx_hal_cortex.o
    0x08000e9e   0x08000e9e   0x0000007c   Code   RO          771    i.HAL_NVIC_SetPriority  stm32f1xx_hal_cortex.o
    0x08000f1a   0x08000f1a   0x00000002   PAD
    0x08000f1c   0x08000f1c   0x00000028   Code   RO          772    i.HAL_NVIC_SetPriorityGrouping  stm32f1xx_hal_cortex.o
    0x08000f44   0x08000f44   0x0000018c   Code   RO          886    i.HAL_RCC_ClockConfig  stm32f1xx_hal_rcc.o
    0x080010d0   0x080010d0   0x0000000c   Code   RO          891    i.HAL_RCC_GetHCLKFreq  stm32f1xx_hal_rcc.o
    0x080010dc   0x080010dc   0x00000020   Code   RO          893    i.HAL_RCC_GetPCLK1Freq  stm32f1xx_hal_rcc.o
    0x080010fc   0x080010fc   0x00000020   Code   RO          894    i.HAL_RCC_GetPCLK2Freq  stm32f1xx_hal_rcc.o
    0x0800111c   0x0800111c   0x00000094   Code   RO          895    i.HAL_RCC_GetSysClockFreq  stm32f1xx_hal_rcc.o
    0x080011b0   0x080011b0   0x00000464   Code   RO          898    i.HAL_RCC_OscConfig  stm32f1xx_hal_rcc.o
    0x08001614   0x08001614   0x0000009c   Code   RO         1797    i.HAL_SPI_Init      stm32f1xx_hal_spi.o
    0x080016b0   0x080016b0   0x00000104   Code   RO          433    i.HAL_SPI_MspInit   driver_spi.o
    0x080017b4   0x080017b4   0x0000024a   Code   RO         1800    i.HAL_SPI_Receive   stm32f1xx_hal_spi.o
    0x080019fe   0x080019fe   0x000001da   Code   RO         1805    i.HAL_SPI_Transmit  stm32f1xx_hal_spi.o
    0x08001bd8   0x08001bd8   0x000002ee   Code   RO         1806    i.HAL_SPI_TransmitReceive  stm32f1xx_hal_spi.o
    0x08001ec6   0x08001ec6   0x00000034   Code   RO          776    i.HAL_SYSTICK_Config  stm32f1xx_hal_cortex.o
    0x08001efa   0x08001efa   0x00000002   Code   RO         2822    i.HAL_TIMEx_BreakCallback  stm32f1xx_hal_tim_ex.o
    0x08001efc   0x08001efc   0x00000002   Code   RO         2823    i.HAL_TIMEx_CommutCallback  stm32f1xx_hal_tim_ex.o
    0x08001efe   0x08001efe   0x00000054   Code   RO         2840    i.HAL_TIMEx_MasterConfigSynchronization  stm32f1xx_hal_tim_ex.o
    0x08001f52   0x08001f52   0x00000034   Code   RO         2136    i.HAL_TIM_Base_Init  stm32f1xx_hal_tim.o
    0x08001f86   0x08001f86   0x00000002   PAD
    0x08001f88   0x08001f88   0x00000068   Code   RO          535    i.HAL_TIM_Base_MspInit  driver_timer.o
    0x08001ff0   0x08001ff0   0x0000002a   Code   RO         2139    i.HAL_TIM_Base_Start  stm32f1xx_hal_tim.o
    0x0800201a   0x0800201a   0x0000002a   Code   RO         2141    i.HAL_TIM_Base_Start_IT  stm32f1xx_hal_tim.o
    0x08002044   0x08002044   0x00000038   Code   RO         2142    i.HAL_TIM_Base_Stop  stm32f1xx_hal_tim.o
    0x0800207c   0x0800207c   0x00000038   Code   RO         2144    i.HAL_TIM_Base_Stop_IT  stm32f1xx_hal_tim.o
    0x080020b4   0x080020b4   0x00000108   Code   RO         2145    i.HAL_TIM_ConfigClockSource  stm32f1xx_hal_tim.o
    0x080021bc   0x080021bc   0x00000002   Code   RO         2165    i.HAL_TIM_IC_CaptureCallback  stm32f1xx_hal_tim.o
    0x080021be   0x080021be   0x00000196   Code   RO         2179    i.HAL_TIM_IRQHandler  stm32f1xx_hal_tim.o
    0x08002354   0x08002354   0x00000002   Code   RO         2182    i.HAL_TIM_OC_DelayElapsedCallback  stm32f1xx_hal_tim.o
    0x08002356   0x08002356   0x00000002   Code   RO         2209    i.HAL_TIM_PWM_PulseFinishedCallback  stm32f1xx_hal_tim.o
    0x08002358   0x08002358   0x00000044   Code   RO            5    i.HAL_TIM_PeriodElapsedCallback  main.o
    0x0800239c   0x0800239c   0x00000002   Code   RO         2222    i.HAL_TIM_TriggerCallback  stm32f1xx_hal_tim.o
    0x0800239e   0x0800239e   0x00000002   Code   RO         1476    i.HAL_UART_ErrorCallback  stm32f1xx_hal_uart.o
    0x080023a0   0x080023a0   0x0000014c   Code   RO         1479    i.HAL_UART_IRQHandler  stm32f1xx_hal_uart.o
    0x080024ec   0x080024ec   0x00000072   Code   RO         1480    i.HAL_UART_Init     stm32f1xx_hal_uart.o
    0x0800255e   0x0800255e   0x00000002   PAD
    0x08002560   0x08002560   0x00000098   Code   RO          363    i.HAL_UART_MspInit  driver_usart.o
    0x080025f8   0x080025f8   0x00000070   Code   RO         1485    i.HAL_UART_Receive_IT  stm32f1xx_hal_uart.o
    0x08002668   0x08002668   0x00000068   Code   RO            6    i.HAL_UART_RxCpltCallback  main.o
    0x080026d0   0x080026d0   0x000000d6   Code   RO         1488    i.HAL_UART_Transmit  stm32f1xx_hal_uart.o
    0x080027a6   0x080027a6   0x00000002   Code   RO         1491    i.HAL_UART_TxCpltCallback  stm32f1xx_hal_uart.o
    0x080027a8   0x080027a8   0x00000004   Code   RO          195    i.HardFault_Handler  stm32f1xx_it.o
    0x080027ac   0x080027ac   0x00000040   Code   RO         3857    i.LoraDataSend      userconfig.o
    0x080027ec   0x080027ec   0x000000f4   Code   RO         3858    i.LoraInit          userconfig.o
    0x080028e0   0x080028e0   0x00000024   Code   RO         3859    i.LoraOpenRXMode    userconfig.o
    0x08002904   0x08002904   0x00000004   Code   RO          196    i.MemManage_Handler  stm32f1xx_it.o
    0x08002908   0x08002908   0x00000002   Code   RO          197    i.NMI_Handler       stm32f1xx_it.o
    0x0800290a   0x0800290a   0x00000002   PAD
    0x0800290c   0x0800290c   0x00000044   Code   RO         3860    i.OnRxDone          userconfig.o
    0x08002950   0x08002950   0x0000001c   Code   RO         3861    i.OnTxDone          userconfig.o
    0x0800296c   0x0800296c   0x00000002   Code   RO          198    i.PendSV_Handler    stm32f1xx_it.o
    0x0800296e   0x0800296e   0x00000002   PAD
    0x08002970   0x08002970   0x00000028   Code   RO          899    i.RCC_Delay         stm32f1xx_hal_rcc.o
    0x08002998   0x08002998   0x0000001c   Code   RO         3862    i.RxEn              userconfig.o
    0x080029b4   0x080029b4   0x00000014   Code   RO         3863    i.RxError           userconfig.o
    0x080029c8   0x080029c8   0x0000001c   Code   RO         3864    i.RxTimeout         userconfig.o
    0x080029e4   0x080029e4   0x00000078   Code   RO         1836    i.SPI_EndRxTransaction  stm32f1xx_hal_spi.o
    0x08002a5c   0x08002a5c   0x00000028   Code   RO         1837    i.SPI_EndRxTxTransaction  stm32f1xx_hal_spi.o
    0x08002a84   0x08002a84   0x00000006   Code   RO         1838    i.SPI_ISCRCErrorValid  stm32f1xx_hal_spi.o
    0x08002a8a   0x08002a8a   0x00000002   PAD
    0x08002a8c   0x08002a8c   0x00000054   Code   RO          434    i.SPI_Init          driver_spi.o
    0x08002ae0   0x08002ae0   0x00000018   Code   RO          436    i.SPI_ReadBytes     driver_spi.o
    0x08002af8   0x08002af8   0x000000a8   Code   RO         1845    i.SPI_WaitFlagStateUntilTimeout  stm32f1xx_hal_spi.o
    0x08002ba0   0x08002ba0   0x00000018   Code   RO          437    i.SPI_WriteBytes    driver_spi.o
    0x08002bb8   0x08002bb8   0x00000002   Code   RO          199    i.SVC_Handler       stm32f1xx_it.o
    0x08002bba   0x08002bba   0x00000008   Code   RO          200    i.SysTick_Handler   stm32f1xx_it.o
    0x08002bc2   0x08002bc2   0x00000066   Code   RO          294    i.SystemClock_Config  stm32f1xx_clk.o
    0x08002c28   0x08002c28   0x00000058   Code   RO          319    i.SystemInit        system_stm32f1xx.o
    0x08002c80   0x08002c80   0x00000010   Code   RO          201    i.TIM3_IRQHandler   stm32f1xx_it.o
    0x08002c90   0x08002c90   0x0000006c   Code   RO          536    i.TIM3_Init         driver_timer.o
    0x08002cfc   0x08002cfc   0x0000009c   Code   RO         2224    i.TIM_Base_SetConfig  stm32f1xx_hal_tim.o
    0x08002d98   0x08002d98   0x00000016   Code   RO         2235    i.TIM_ETR_SetConfig  stm32f1xx_hal_tim.o
    0x08002dae   0x08002dae   0x00000012   Code   RO         2236    i.TIM_ITRx_SetConfig  stm32f1xx_hal_tim.o
    0x08002dc0   0x08002dc0   0x00000026   Code   RO         2242    i.TIM_TI1_ConfigInputStage  stm32f1xx_hal_tim.o
    0x08002de6   0x08002de6   0x00000028   Code   RO         2244    i.TIM_TI2_ConfigInputStage  stm32f1xx_hal_tim.o
    0x08002e0e   0x08002e0e   0x00000002   PAD
    0x08002e10   0x08002e10   0x00000064   Code   RO          537    i.TimerInit         driver_timer.o
    0x08002e74   0x08002e74   0x0000001c   Code   RO         3866    i.TxEn              userconfig.o
    0x08002e90   0x08002e90   0x0000001c   Code   RO         3867    i.TxTimeout         userconfig.o
    0x08002eac   0x08002eac   0x00000014   Code   RO         1493    i.UART_DMAAbortOnError  stm32f1xx_hal_uart.o
    0x08002ec0   0x08002ec0   0x00000020   Code   RO         1503    i.UART_EndRxTransfer  stm32f1xx_hal_uart.o
    0x08002ee0   0x08002ee0   0x00000020   Code   RO         1504    i.UART_EndTransmit_IT  stm32f1xx_hal_uart.o
    0x08002f00   0x08002f00   0x000000a6   Code   RO         1506    i.UART_Receive_IT   stm32f1xx_hal_uart.o
    0x08002fa6   0x08002fa6   0x00000002   PAD
    0x08002fa8   0x08002fa8   0x000001a0   Code   RO         1507    i.UART_SetConfig    stm32f1xx_hal_uart.o
    0x08003148   0x08003148   0x00000068   Code   RO         1508    i.UART_Transmit_IT  stm32f1xx_hal_uart.o
    0x080031b0   0x080031b0   0x0000006c   Code   RO         1509    i.UART_WaitOnFlagUntilTimeout  stm32f1xx_hal_uart.o
    0x0800321c   0x0800321c   0x00000010   Code   RO          202    i.USART1_IRQHandler  stm32f1xx_it.o
    0x0800322c   0x0800322c   0x00000018   Code   RO            7    i.UartTimeroutStart  main.o
    0x08003244   0x08003244   0x00000010   Code   RO            8    i.UartTimeroutStop  main.o
    0x08003254   0x08003254   0x00000004   Code   RO          203    i.UsageFault_Handler  stm32f1xx_it.o
    0x08003258   0x08003258   0x00000040   Code   RO          364    i.UsartInit         driver_usart.o
    0x08003298   0x08003298   0x00000010   Code   RO          778    i.__NVIC_GetPriorityGrouping  stm32f1xx_hal_cortex.o
    0x080032a8   0x080032a8   0x00000028   Code   RO          779    i.__NVIC_SetPriority  stm32f1xx_hal_cortex.o
    0x080032d0   0x080032d0   0x00000002   Code   RO          366    i._sys_exit         driver_usart.o
    0x080032d2   0x080032d2   0x00000002   PAD
    0x080032d4   0x080032d4   0x00000018   Code   RO          368    i.fputc             driver_usart.o
    0x080032ec   0x080032ec   0x00000090   Code   RO         3868    i.gpio_init         userconfig.o
    0x0800337c   0x0800337c   0x00000042   Code   RO         4108    i.isFullQueue       myqueue.o
    0x080033be   0x080033be   0x00000016   Code   RO         4109    i.isQueueTail       myqueue.o
    0x080033d4   0x080033d4   0x0000010c   Code   RO            9    i.main              main.o
    0x080034e0   0x080034e0   0x0000001a   Code   RO          538    i.ms_timer_delay    driver_timer.o
    0x080034fa   0x080034fa   0x00000002   PAD
    0x080034fc   0x080034fc   0x0000014c   Code   RO         4110    i.queueDequeue      myqueue.o
    0x08003648   0x08003648   0x000000cc   Code   RO         4111    i.queueEnqueue      myqueue.o
    0x08003714   0x08003714   0x00000012   Code   RO         4112    i.queueIsEmpty      myqueue.o
    0x08003726   0x08003726   0x00000026   Code   RO         3869    i.set_LoraPacketParams  userconfig.o
    0x0800374c   0x0800374c   0x0000000c   Code   RO         3870    i.sx1262GetOperatingMode  userconfig.o
    0x08003758   0x08003758   0x0000000c   Code   RO         3871    i.sx1262SetOperatingMode  userconfig.o
    0x08003764   0x08003764   0x00000030   Code   RO         3207    i.sx126x_clear_irq_status  sx126x.o
    0x08003794   0x08003794   0x00000024   Code   RO         3208    i.sx126x_convert_freq_in_hz_to_pll_step  sx126x.o
    0x080037b8   0x080037b8   0x00000006   Code   RO         3209    i.sx126x_convert_timeout_in_ms_to_rtc_step  sx126x.o
    0x080037be   0x080037be   0x00000002   PAD
    0x080037c0   0x080037c0   0x00000010   Code   RO         3713    i.sx126x_get_busy   sx126x_hal.o
    0x080037d0   0x080037d0   0x0000003c   Code   RO         3217    i.sx126x_get_irq_status  sx126x.o
    0x0800380c   0x0800380c   0x00000050   Code   RO         3220    i.sx126x_get_lora_pkt_status  sx126x.o
    0x0800385c   0x0800385c   0x00000038   Code   RO         3227    i.sx126x_get_rx_buffer_status  sx126x.o
    0x08003894   0x08003894   0x00000058   Code   RO         3714    i.sx126x_hal_read   sx126x_hal.o
    0x080038ec   0x080038ec   0x00000044   Code   RO         3715    i.sx126x_hal_reset  sx126x_hal.o
    0x08003930   0x08003930   0x0000003c   Code   RO         3716    i.sx126x_hal_wakeup  sx126x_hal.o
    0x0800396c   0x0800396c   0x00000058   Code   RO         3717    i.sx126x_hal_write  sx126x_hal.o
    0x080039c4   0x080039c4   0x0000002c   Code   RO         3231    i.sx126x_read_buffer  sx126x.o
    0x080039f0   0x080039f0   0x00000034   Code   RO         3232    i.sx126x_read_register  sx126x.o
    0x08003a24   0x08003a24   0x0000000c   Code   RO         3233    i.sx126x_reset      sx126x.o
    0x08003a30   0x08003a30   0x0000002c   Code   RO         3237    i.sx126x_set_buffer_base_address  sx126x.o
    0x08003a5c   0x08003a5c   0x0000006c   Code   RO         3242    i.sx126x_set_dio_irq_params  sx126x.o
    0x08003ac8   0x08003ac8   0x00000058   Code   RO         3251    i.sx126x_set_lora_mod_params  sx126x.o
    0x08003b20   0x08003b20   0x000000a8   Code   RO         3252    i.sx126x_set_lora_pkt_params  sx126x.o
    0x08003bc8   0x08003bc8   0x00000040   Code   RO         3256    i.sx126x_set_pa_cfg  sx126x.o
    0x08003c08   0x08003c08   0x00000028   Code   RO         3257    i.sx126x_set_pkt_type  sx126x.o
    0x08003c30   0x08003c30   0x00000028   Code   RO         3258    i.sx126x_set_reg_mode  sx126x.o
    0x08003c58   0x08003c58   0x00000018   Code   RO         3259    i.sx126x_set_rf_freq  sx126x.o
    0x08003c70   0x08003c70   0x00000040   Code   RO         3260    i.sx126x_set_rf_freq_in_pll_steps  sx126x.o
    0x08003cb0   0x08003cb0   0x00000022   Code   RO         3261    i.sx126x_set_rx     sx126x.o
    0x08003cd2   0x08003cd2   0x00000002   PAD
    0x08003cd4   0x08003cd4   0x00000034   Code   RO         3265    i.sx126x_set_rx_with_timeout_in_rtc_step  sx126x.o
    0x08003d08   0x08003d08   0x00000028   Code   RO         3267    i.sx126x_set_standby  sx126x.o
    0x08003d30   0x08003d30   0x00000020   Code   RO         3268    i.sx126x_set_trimming_capacitor_values  sx126x.o
    0x08003d50   0x08003d50   0x00000022   Code   RO         3269    i.sx126x_set_tx     sx126x.o
    0x08003d72   0x08003d72   0x00000002   PAD
    0x08003d74   0x08003d74   0x00000030   Code   RO         3272    i.sx126x_set_tx_params  sx126x.o
    0x08003da4   0x08003da4   0x00000034   Code   RO         3273    i.sx126x_set_tx_with_timeout_in_rtc_step  sx126x.o
    0x08003dd8   0x08003dd8   0x0000005c   Code   RO         3276    i.sx126x_tx_modulation_workaround  sx126x.o
    0x08003e34   0x08003e34   0x0000000c   Code   RO         3277    i.sx126x_wakeup     sx126x.o
    0x08003e40   0x08003e40   0x0000002c   Code   RO         3278    i.sx126x_write_buffer  sx126x.o
    0x08003e6c   0x08003e6c   0x00000034   Code   RO         3279    i.sx126x_write_register  sx126x.o
    0x08003ea0   0x08003ea0   0x00000038   Code   RO          539    i.us_timer_delay    driver_timer.o
    0x08003ed8   0x08003ed8   0x0000000e   Data   RO           11    .constdata          main.o
    0x08003ee6   0x08003ee6   0x00000018   Data   RO          320    .constdata          system_stm32f1xx.o
    0x08003efe   0x08003efe   0x00000002   PAD
    0x08003f00   0x08003f00   0x00000020   Data   RO         4400    Region$$Table       anon$$obj.o


    Execution Region RW_IRAM1 (Exec base: 0x20000000, Load base: 0x08003f20, Size: 0x00001188, Max: 0x00010000, ABSOLUTE)

    Exec Addr    Load Addr    Size         Type   Attr      Idx    E Section Name        Object

    0x20000000   0x08003f20   0x00000002   Data   RW           12    .data               main.o
    0x20000002   0x08003f22   0x00000002   PAD
    0x20000004   0x08003f24   0x00000004   Data   RW          321    .data               system_stm32f1xx.o
    0x20000008   0x08003f28   0x00000008   Data   RW          370    .data               driver_usart.o
    0x20000010   0x08003f30   0x00000009   Data   RW          614    .data               stm32f1xx_hal.o
    0x20000019   0x08003f39   0x00000001   PAD
    0x2000001a   0x08003f3a   0x0000000c   Data   RW         3873    .data               userconfig.o
    0x20000026   0x08003f46   0x00000002   PAD
    0x20000028   0x08003f48   0x0000000a   Data   RW         4114    .data               myqueue.o
    0x20000032   0x08003f52   0x00000002   PAD
    0x20000034        -       0x000000ff   Zero   RW           10    .bss                main.o
    0x20000133   0x08003f52   0x00000001   PAD
    0x20000134        -       0x00000040   Zero   RW          369    .bss                driver_usart.o
    0x20000174        -       0x00000058   Zero   RW          438    .bss                driver_spi.o
    0x200001cc        -       0x00000080   Zero   RW          540    .bss                driver_timer.o
    0x2000024c        -       0x000000ff   Zero   RW         3872    .bss                userconfig.o
    0x2000034b   0x08003f52   0x00000001   PAD
    0x2000034c        -       0x000007d6   Zero   RW         4113    .bss                myqueue.o
    0x20000b22   0x08003f52   0x00000002   PAD
    0x20000b24        -       0x00000060   Zero   RW         4231    .bss                c_w.l(libspace.o)
    0x20000b84   0x08003f52   0x00000004   PAD
    0x20000b88        -       0x00000200   Zero   RW          353    HEAP                startup_stm32f103xe.o
    0x20000d88        -       0x00000400   Zero   RW          352    STACK               startup_stm32f103xe.o


==============================================================================

Image component sizes


      Code (inc. data)   RO Data    RW Data    ZI Data      Debug   Object Name

       156         20          0          0          0       2212   driver_key.o
       392         30          0          0         88       3245   driver_spi.o
       394         26          0          0        128       3790   driver_timer.o
       242         28          0          8         64       4364   driver_usart.o
       508        202         14          2        255     501632   main.o
       642         14          0         10       2006       4801   myqueue.o
        64         26        304          0       1536        816   startup_stm32f103xe.o
       102          0          0          0          0        657   stm32f1xx_clk.o
       154         32          0          9          0       6679   stm32f1xx_hal.o
       304         22          0          0          0      29579   stm32f1xx_hal_cortex.o
       424         10          0          0          0       1395   stm32f1xx_hal_dma.o
       888         44          0          0          0       4178   stm32f1xx_hal_gpio.o
      1784        110          0          0          0       6328   stm32f1xx_hal_rcc.o
      2300          0          0          0          0       8636   stm32f1xx_hal_spi.o
      1200         22          0          0          0      11395   stm32f1xx_hal_tim.o
        88          0          0          0          0       2569   stm32f1xx_hal_tim_ex.o
      1654         10          0          0          0       9943   stm32f1xx_hal_uart.o
        64         12          0          0          0       5104   stm32f1xx_it.o
      1526        120          0          0          0      24692   sx126x.o
       320         24          0          0          0       4738   sx126x_hal.o
        88         18         24          4          0       1371   system_stm32f1xx.o
      1146        148          0         12        255      24850   userconfig.o

    ----------------------------------------------------------------------
     14468        918        376         52       4336     662974   Object Totals
         0          0         32          0          0          0   (incl. Generated)
        28          0          2          7          4          0   (incl. Padding)

    ----------------------------------------------------------------------

      Code (inc. data)   RO Data    RW Data    ZI Data      Debug   Library Member Name

         8          0          0          0          0         68   __main.o
       104          0          0          0          0         84   __printf.o
         0          0          0          0          0          0   __rtentry.o
        12          0          0          0          0          0   __rtentry2.o
         6          0          0          0          0          0   __rtentry4.o
        52          8          0          0          0          0   __scatter.o
        26          0          0          0          0          0   __scatter_copy.o
        28          0          0          0          0          0   __scatter_zi.o
        44          0          0          0          0        108   _printf_char.o
        48          6          0          0          0         96   _printf_char_common.o
        36          4          0          0          0         80   _printf_char_file.o
         6          0          0          0          0          0   _printf_d.o
       120         16          0          0          0         92   _printf_dec.o
       178          0          0          0          0         88   _printf_intcommon.o
         0          0          0          0          0          0   _printf_percent.o
         4          0          0          0          0          0   _printf_percent_end.o
         6          0          0          0          0          0   _printf_s.o
        82          0          0          0          0         80   _printf_str.o
        18          0          0          0          0         80   exit.o
         8          0          0          0          0         68   ferror.o
         6          0          0          0          0        152   heapauxi.o
         2          0          0          0          0          0   libinit.o
         2          0          0          0          0          0   libinit2.o
         2          0          0          0          0          0   libshutdown.o
         2          0          0          0          0          0   libshutdown2.o
         8          4          0          0         96         68   libspace.o
        24          4          0          0          0         84   noretval__2printf.o
        68          0          0          0          0         68   rt_memclr.o
        78          0          0          0          0         80   rt_memclr_w.o
       138          0          0          0          0         68   rt_memcpy_v6.o
       100          0          0          0          0         80   rt_memcpy_w.o
         2          0          0          0          0          0   rtexit.o
        10          0          0          0          0          0   rtexit2.o
        74          0          0          0          0         80   sys_stackheap_outer.o
         2          0          0          0          0         68   use_no_semi.o
         2          0          0          0          0         68   use_no_semi_2.o

    ----------------------------------------------------------------------
      1316         42          0          0        100       1660   Library Totals
        10          0          0          0          4          0   (incl. Padding)

    ----------------------------------------------------------------------

      Code (inc. data)   RO Data    RW Data    ZI Data      Debug   Library Name

      1306         42          0          0         96       1660   c_w.l

    ----------------------------------------------------------------------
      1316         42          0          0        100       1660   Library Totals

    ----------------------------------------------------------------------

==============================================================================


      Code (inc. data)   RO Data    RW Data    ZI Data      Debug   

     15784        960        376         52       4436     656050   Grand Totals
     15784        960        376         52       4436     656050   ELF Image Totals
     15784        960        376         52          0          0   ROM Totals

==============================================================================

    Total RO  Size (Code + RO Data)                16160 (  15.78kB)
    Total RW  Size (RW Data + ZI Data)              4488 (   4.38kB)
    Total ROM Size (Code + RO Data + RW Data)      16212 (  15.83kB)

==============================================================================

